Archive member included to satisfy reference by file (symbol)

.\CortexM3\ARM_GCC_541\Debug\Communication Busses.a(CyLib.o)
                              .\CortexM3\ARM_GCC_541\Debug\Cm3Start.o (CyHalt)
.\CortexM3\ARM_GCC_541\Debug\Communication Busses.a(cyPm.o)
                              .\CortexM3\ARM_GCC_541\Debug\Communication Busses.a(CyLib.o) (CyPmReadStatus)
.\CortexM3\ARM_GCC_541\Debug\Communication Busses.a(I2C_LM75.o)
                              .\CortexM3\ARM_GCC_541\Debug\main.o (I2C_LM75_Start)
.\CortexM3\ARM_GCC_541\Debug\Communication Busses.a(I2C_LM75_INT.o)
                              .\CortexM3\ARM_GCC_541\Debug\Communication Busses.a(I2C_LM75.o) (I2C_LM75_ISR)
.\CortexM3\ARM_GCC_541\Debug\Communication Busses.a(I2C_LM75_PM.o)
                              .\CortexM3\ARM_GCC_541\Debug\Communication Busses.a(I2C_LM75.o) (I2C_LM75_backup)
.\CortexM3\ARM_GCC_541\Debug\Communication Busses.a(I2C_LM75_MASTER.o)
                              .\CortexM3\ARM_GCC_541\Debug\Communication Busses.a(I2C_LM75.o) (I2C_LM75_mstrStatus)
.\CortexM3\ARM_GCC_541\Debug\Communication Busses.a(UART_TERMINAL.o)
                              .\CortexM3\ARM_GCC_541\Debug\main.o (UART_TERMINAL_Start)
.\CortexM3\ARM_GCC_541\Debug\Communication Busses.a(UART_TERMINAL_IntClock.o)
                              .\CortexM3\ARM_GCC_541\Debug\Communication Busses.a(UART_TERMINAL.o) (UART_TERMINAL_IntClock_Start)
.\CortexM3\ARM_GCC_541\Debug\Communication Busses.a(CyBootAsmGnu.o)
                              .\CortexM3\ARM_GCC_541\Debug\cyfitter_cfg.o (CyDelayCycles)
.\CortexM3\ARM_GCC_541\Debug\Communication Busses.a(CyFlash.o)
                              .\CortexM3\ARM_GCC_541\Debug\Communication Busses.a(cyPm.o) (CyFlash_SetWaitCycles)
.\CortexM3\ARM_GCC_541\Debug\Communication Busses.a(CySpc.o)
                              .\CortexM3\ARM_GCC_541\Debug\Communication Busses.a(CyFlash.o) (CySpcStart)
c:/program files (x86)/cypress/psoc creator/4.4/psoc creator/import/gnu/arm/5.4.1/bin/../lib/gcc/arm-none-eabi/5.4.1/armv7-m\libgcc.a(_arm_addsubdf3.o)
                              .\CortexM3\ARM_GCC_541\Debug\main.o (__aeabi_f2d)
c:/program files (x86)/cypress/psoc creator/4.4/psoc creator/import/gnu/arm/5.4.1/bin/../lib/gcc/arm-none-eabi/5.4.1/armv7-m\libgcc.a(_arm_addsubsf3.o)
                              .\CortexM3\ARM_GCC_541\Debug\main.o (__aeabi_fadd)
c:/program files (x86)/cypress/psoc creator/4.4/psoc creator/import/gnu/arm/5.4.1/bin/../lib/gcc/arm-none-eabi/5.4.1/../../../../arm-none-eabi/lib/armv7-m\libg_nano.a(lib_a-errno.o)
                              .\CortexM3\ARM_GCC_541\Debug\Cm3Start.o (__errno)
c:/program files (x86)/cypress/psoc creator/4.4/psoc creator/import/gnu/arm/5.4.1/bin/../lib/gcc/arm-none-eabi/5.4.1/../../../../arm-none-eabi/lib/armv7-m\libg_nano.a(lib_a-exit.o)
                              c:/program files (x86)/cypress/psoc creator/4.4/psoc creator/import/gnu/arm/5.4.1/bin/../lib/gcc/arm-none-eabi/5.4.1/../../../../arm-none-eabi/lib/armv7-m/crt0.o (exit)
c:/program files (x86)/cypress/psoc creator/4.4/psoc creator/import/gnu/arm/5.4.1/bin/../lib/gcc/arm-none-eabi/5.4.1/../../../../arm-none-eabi/lib/armv7-m\libg_nano.a(lib_a-impure.o)
                              c:/program files (x86)/cypress/psoc creator/4.4/psoc creator/import/gnu/arm/5.4.1/bin/../lib/gcc/arm-none-eabi/5.4.1/../../../../arm-none-eabi/lib/armv7-m\libg_nano.a(lib_a-exit.o) (_global_impure_ptr)
c:/program files (x86)/cypress/psoc creator/4.4/psoc creator/import/gnu/arm/5.4.1/bin/../lib/gcc/arm-none-eabi/5.4.1/../../../../arm-none-eabi/lib/armv7-m\libg_nano.a(lib_a-init.o)
                              c:/program files (x86)/cypress/psoc creator/4.4/psoc creator/import/gnu/arm/5.4.1/bin/../lib/gcc/arm-none-eabi/5.4.1/../../../../arm-none-eabi/lib/armv7-m/crt0.o (__libc_init_array)
c:/program files (x86)/cypress/psoc creator/4.4/psoc creator/import/gnu/arm/5.4.1/bin/../lib/gcc/arm-none-eabi/5.4.1/../../../../arm-none-eabi/lib/armv7-m\libg_nano.a(lib_a-memcpy-stub.o)
                              .\CortexM3\ARM_GCC_541\Debug\cyfitter_cfg.o (memcpy)
c:/program files (x86)/cypress/psoc creator/4.4/psoc creator/import/gnu/arm/5.4.1/bin/../lib/gcc/arm-none-eabi/5.4.1/../../../../arm-none-eabi/lib/armv7-m\libg_nano.a(lib_a-memset.o)
                              c:/program files (x86)/cypress/psoc creator/4.4/psoc creator/import/gnu/arm/5.4.1/bin/../lib/gcc/arm-none-eabi/5.4.1/../../../../arm-none-eabi/lib/armv7-m/crt0.o (memset)
c:/program files (x86)/cypress/psoc creator/4.4/psoc creator/import/gnu/arm/5.4.1/bin/../lib/gcc/arm-none-eabi/5.4.1/../../../../arm-none-eabi/lib/armv7-m\libg_nano.a(lib_a-nano-vfprintf_float.o)
                              (_printf_float)
c:/program files (x86)/cypress/psoc creator/4.4/psoc creator/import/gnu/arm/5.4.1/bin/../lib/gcc/arm-none-eabi/5.4.1/../../../../arm-none-eabi/lib/armv7-m\libg_nano.a(lib_a-nano-vfprintf_i.o)
[...]
Memory Configuration

Name             Origin             Length             Attributes
rom              0x00000000         0x00040000         xr
ram              0x1fff8000         0x00010000         xrw
*default*        0x00000000         0xffffffff

Linker script and memory map

LOAD c:/program files (x86)/cypress/psoc creator/4.4/psoc creator/import/gnu/arm/5.4.1/bin/../lib/gcc/arm-none-eabi/5.4.1/armv7-m/crti.o
LOAD c:/program files (x86)/cypress/psoc creator/4.4/psoc creator/import/gnu/arm/5.4.1/bin/../lib/gcc/arm-none-eabi/5.4.1/armv7-m/crtbegin.o
LOAD c:/program files (x86)/cypress/psoc creator/4.4/psoc creator/import/gnu/arm/5.4.1/bin/../lib/gcc/arm-none-eabi/5.4.1/../../../../arm-none-eabi/lib/armv7-m/crt0.o
START GROUP
LOAD .\CortexM3\ARM_GCC_541\Debug\main.o
LOAD .\CortexM3\ARM_GCC_541\Debug\cyfitter_cfg.o
LOAD .\CortexM3\ARM_GCC_541\Debug\cymetadata.o
LOAD .\CortexM3\ARM_GCC_541\Debug\Cm3Start.o
LOAD .\CortexM3\ARM_GCC_541\Debug\Communication Busses.a
LOAD C:\Program Files (x86)\Cypress\PSoC Creator\4.4\PSoC Creator\psoc\content\cycomponentlibrary\CyComponentLibrary.cylib\CortexM3\ARM_GCC_541\Debug\CyComponentLibrary.a
LOAD c:/program files (x86)/cypress/psoc creator/4.4/psoc creator/import/gnu/arm/5.4.1/bin/../lib/gcc/arm-none-eabi/5.4.1/../../../../arm-none-eabi/lib/armv7-m\libm.a
END GROUP
START GROUP
LOAD c:/program files (x86)/cypress/psoc creator/4.4/psoc creator/import/gnu/arm/5.4.1/bin/../lib/gcc/arm-none-eabi/5.4.1/armv7-m\libgcc.a
LOAD c:/program files (x86)/cypress/psoc creator/4.4/psoc creator/import/gnu/arm/5.4.1/bin/../lib/gcc/arm-none-eabi/5.4.1/../../../../arm-none-eabi/lib/armv7-m\libg_nano.a
LOAD c:/program files (x86)/cypress/psoc creator/4.4/psoc creator/import/gnu/arm/5.4.1/bin/../lib/gcc/arm-none-eabi/5.4.1/../../../../arm-none-eabi/lib/armv7-m\libc_nano.a
END GROUP
START GROUP
LOAD c:/program files (x86)/cypress/psoc creator/4.4/psoc creator/import/gnu/arm/5.4.1/bin/../lib/gcc/arm-none-eabi/5.4.1/armv7-m\libgcc.a
LOAD c:/program files (x86)/cypress/psoc creator/4.4/psoc creator/import/gnu/arm/5.4.1/bin/../lib/gcc/arm-none-eabi/5.4.1/../../../../arm-none-eabi/lib/armv7-m\libc_nano.a
END GROUP
LOAD c:/program files (x86)/cypress/psoc creator/4.4/psoc creator/import/gnu/arm/5.4.1/bin/../lib/gcc/arm-none-eabi/5.4.1/armv7-m/crtend.o
LOAD c:/program files (x86)/cypress/psoc creator/4.4/psoc creator/import/gnu/arm/5.4.1/bin/../lib/gcc/arm-none-eabi/5.4.1/armv7-m/crtn.o
START GROUP
LOAD c:/program files (x86)/cypress/psoc creator/4.4/psoc creator/import/gnu/arm/5.4.1/bin/../lib/gcc/arm-none-eabi/5.4.1/armv7-m\libgcc.a
LOAD c:/program files (x86)/cypress/psoc creator/4.4/psoc creator/import/gnu/arm/5.4.1/bin/../lib/gcc/arm-none-eabi/5.4.1/../../../../arm-none-eabi/lib/armv7-m\libc.a
LOAD c:/program files (x86)/cypress/psoc creator/4.4/psoc creator/import/gnu/arm/5.4.1/bin/../lib/gcc/arm-none-eabi/5.4.1/../../../../arm-none-eabi/lib/armv7-m\libnosys.a
END GROUP
                0x00000000                CY_APPL_ORIGIN = 0x0
                0x00000100                CY_FLASH_ROW_SIZE = 0x100
                0x00000020                CY_ECC_ROW_SIZE = 0x20
                0x00000000                CY_EE_IN_BTLDR = 0x0
                0x00000000                CY_APPL_LOADABLE = 0x0
                0x00000800                CY_EE_SIZE = 0x800
                0x00000001                CY_APPL_NUM = 0x1
                0x00000001                CY_APPL_MAX = 0x1
                0x00000040                CY_METADATA_SIZE = 0x40
                0x00000000                CY_APPL_LOADABLE = 0x0
                0x00000000                CY_CHECKSUM_EXCLUDE_SIZE = ALIGN (0x0, CY_FLASH_ROW_SIZE)
                [!provide]                PROVIDE (__cy_heap_start, _end)
                0x00000001                PROVIDE (__cy_region_num, ((__cy_regions_end - __cy_regions) / 0x10))
                0x20008000                PROVIDE (__cy_stack, (ORIGIN (ram) + LENGTH (ram)))
                [!provide]                PROVIDE (__cy_heap_end, (__cy_stack - 0x800))

.cybootloader   0x00000000        0x0
 *(.cybootloader)
                0x00000000                appl1_start = CY_APPL_ORIGIN?CY_APPL_ORIGIN:ALIGN (CY_FLASH_ROW_SIZE)
                0x0001ff00                appl2_start = (appl1_start + ALIGN ((((LENGTH (rom) - appl1_start) - (0x2 * CY_FLASH_ROW_SIZE)) / 0x2), CY_FLASH_ROW_SIZE))
                0x00000000                appl_start = (CY_APPL_NUM == 0x1)?appl1_start:appl2_start
                0x00000000                ecc_offset = ((appl_start / CY_FLASH_ROW_SIZE) * CY_ECC_ROW_SIZE)
                0x00000000                ee_offset = (CY_APPL_LOADABLE && ! (CY_EE_IN_BTLDR))?((CY_EE_SIZE / CY_APPL_MAX) * (CY_APPL_NUM - 0x1)):0x0
                0x00000800                ee_size = (CY_APPL_LOADABLE && ! (CY_EE_IN_BTLDR))?(CY_EE_SIZE / CY_APPL_MAX):CY_EE_SIZE
                [!provide]                PROVIDE (CY_ECC_OFFSET, ecc_offset)

.text           0x00000000     0x3638
 CREATE_OBJECT_SYMBOLS
                0x00000000                PROVIDE (__cy_interrupt_vector, RomVectors)
 *(.romvectors)
 .romvectors    0x00000000       0x10 .\CortexM3\ARM_GCC_541\Debug\Cm3Start.o
                0x00000000                RomVectors
                0x00000001                ASSERT ((. != __cy_interrupt_vector), No interrupt vector)
                0x00000001                ASSERT (CY_APPL_ORIGIN?(SIZEOF (.cybootloader) <= CY_APPL_ORIGIN):0x1, Wrong image location)
                0x00000010                PROVIDE (__cy_reset, Reset)
 *(.text.Reset)
 .text.Reset    0x00000010       0x18 .\CortexM3\ARM_GCC_541\Debug\Cm3Start.o
                0x00000010                Reset
                0x00000001                ASSERT ((. != __cy_reset), No reset code)
 *(.dma_init)
                0x00000001                ASSERT ((((appl_start + .) <= 0x10000) || 0x1), DMA Init must be within the first 64k of flash)
 *(.text .text.* .gnu.linkonce.t.*)
 .text          0x00000028       0x5c c:/program files (x86)/cypress/psoc creator/4.4/psoc creator/import/gnu/arm/5.4.1/bin/../lib/gcc/arm-none-eabi/5.4.1/armv7-m/crtbegin.o
 .text.fetchData
                0x00000084       0x48 .\CortexM3\ARM_GCC_541\Debug\main.o
                0x00000084                fetchData
 .text.main     0x000000cc       0x3c .\CortexM3\ARM_GCC_541\Debug\main.o
                0x000000cc                main
 .text.CyClockStartupError
                0x00000108        0x4 .\CortexM3\ARM_GCC_541\Debug\cyfitter_cfg.o
 .text.cfg_write_bytes32
                0x0000010c       0x34 .\CortexM3\ARM_GCC_541\Debug\cyfitter_cfg.o
 .text.AnalogSetDefault
                0x00000140       0x28 .\CortexM3\ARM_GCC_541\Debug\cyfitter_cfg.o
 .text.CYMEMZERO
                0x00000168        0xc .\CortexM3\ARM_GCC_541\Debug\cyfitter_cfg.o
 .text.ClockSetup
                0x00000174       0xb8 .\CortexM3\ARM_GCC_541\Debug\cyfitter_cfg.o
 .text.CYCONFIGCPY
                0x0000022c        0x8 .\CortexM3\ARM_GCC_541\Debug\cyfitter_cfg.o
 .text.cyfitter_cfg
                0x00000234      0x100 .\CortexM3\ARM_GCC_541\Debug\cyfitter_cfg.o
                0x00000234                cyfitter_cfg
 .text.IntDefaultHandler
                0x00000334       0x10 .\CortexM3\ARM_GCC_541\Debug\Cm3Start.o
                0x00000334                IntDefaultHandler
 .text._sbrk    0x00000344       0x30 .\CortexM3\ARM_GCC_541\Debug\Cm3Start.o
                0x00000344                _sbrk
 .text.Start_c  0x00000374       0x4c .\CortexM3\ARM_GCC_541\Debug\Cm3Start.o
                0x00000374                Start_c
 .text.initialize_psoc
                0x000003c0       0x68 .\CortexM3\ARM_GCC_541\Debug\Cm3Start.o
                0x000003c0                initialize_psoc
 .text.CyHalt   0x00000428        0x4 .\CortexM3\ARM_GCC_541\Debug\Communication Busses.a(CyLib.o)
                0x00000428                CyHalt
 .text.CyDelay  0x0000042c       0x2c .\CortexM3\ARM_GCC_541\Debug\Communication Busses.a(CyLib.o)
                0x0000042c                CyDelay
 .text.CyIntSetVector
                0x00000458       0x28 .\CortexM3\ARM_GCC_541\Debug\Communication Busses.a(CyLib.o)
                0x00000458                CyIntSetVector
 .text.CyIntSetPriority
                0x00000480       0x30 .\CortexM3\ARM_GCC_541\Debug\Communication Busses.a(CyLib.o)
                0x00000480                CyIntSetPriority
 .text.I2C_LM75_Init
                0x000004b0       0x68 .\CortexM3\ARM_GCC_541\Debug\Communication Busses.a(I2C_LM75.o)
                0x000004b0                I2C_LM75_Init
 .text.I2C_LM75_Enable
                0x00000518       0x24 .\CortexM3\ARM_GCC_541\Debug\Communication Busses.a(I2C_LM75.o)
                0x00000518                I2C_LM75_Enable
 .text.I2C_LM75_Start
                0x0000053c       0x28 .\CortexM3\ARM_GCC_541\Debug\Communication Busses.a(I2C_LM75.o)
                0x0000053c                I2C_LM75_Start
 .text.I2C_LM75_ISR
                0x00000564      0x2d0 .\CortexM3\ARM_GCC_541\Debug\Communication Busses.a(I2C_LM75_INT.o)
                0x00000564                I2C_LM75_ISR
 .text.I2C_LM75_MasterSendStart
                0x00000834       0x80 .\CortexM3\ARM_GCC_541\Debug\Communication Busses.a(I2C_LM75_MASTER.o)
                0x00000834                I2C_LM75_MasterSendStart
 .text.I2C_LM75_MasterSendStop
                0x000008b4       0x38 .\CortexM3\ARM_GCC_541\Debug\Communication Busses.a(I2C_LM75_MASTER.o)
                0x000008b4                I2C_LM75_MasterSendStop
 .text.I2C_LM75_MasterReadByte
                0x000008ec       0x58 .\CortexM3\ARM_GCC_541\Debug\Communication Busses.a(I2C_LM75_MASTER.o)
                0x000008ec                I2C_LM75_MasterReadByte
 .text.UART_TERMINAL_Init
                0x00000944       0x24 .\CortexM3\ARM_GCC_541\Debug\Communication Busses.a(UART_TERMINAL.o)
                0x00000944                UART_TERMINAL_Init
 .text.UART_TERMINAL_Enable
                0x00000968       0x38 .\CortexM3\ARM_GCC_541\Debug\Communication Busses.a(UART_TERMINAL.o)
                0x00000968                UART_TERMINAL_Enable
 .text.UART_TERMINAL_Start
                0x000009a0       0x1c .\CortexM3\ARM_GCC_541\Debug\Communication Busses.a(UART_TERMINAL.o)
                0x000009a0                UART_TERMINAL_Start
 .text.UART_TERMINAL_PutChar
                0x000009bc       0x18 .\CortexM3\ARM_GCC_541\Debug\Communication Busses.a(UART_TERMINAL.o)
                0x000009bc                UART_TERMINAL_PutChar
 .text.UART_TERMINAL_PutString
                0x000009d4       0x24 .\CortexM3\ARM_GCC_541\Debug\Communication Busses.a(UART_TERMINAL.o)
                0x000009d4                UART_TERMINAL_PutString
 .text.UART_TERMINAL_IntClock_Start
                0x000009f8       0x1c .\CortexM3\ARM_GCC_541\Debug\Communication Busses.a(UART_TERMINAL_IntClock.o)
                0x000009f8                UART_TERMINAL_IntClock_Start
 *fill*         0x00000a14        0x4 
 .text          0x00000a18       0x20 .\CortexM3\ARM_GCC_541\Debug\Communication Busses.a(CyBootAsmGnu.o)
                0x00000a18                CyDelayCycles
                0x00000a28                CyEnterCriticalSection
                0x00000a30                CyExitCriticalSection
 .text          0x00000a38      0x370 c:/program files (x86)/cypress/psoc creator/4.4/psoc creator/import/gnu/arm/5.4.1/bin/../lib/gcc/arm-none-eabi/5.4.1/armv7-m\libgcc.a(_arm_addsubdf3.o)
                0x00000a38                __aeabi_drsub
                0x00000a40                __aeabi_dsub
                0x00000a40                __subdf3
                0x00000a44                __aeabi_dadd
                0x00000a44                __adddf3
                0x00000cbc                __floatunsidf
                0x00000cbc                __aeabi_ui2d
                0x00000cdc                __floatsidf
                0x00000cdc                __aeabi_i2d
                0x00000d00                __aeabi_f2d
                0x00000d00                __extendsfdf2
                0x00000d3c                __floatundidf
                0x00000d3c                __aeabi_ul2d
                0x00000d4c                __floatdidf
                0x00000d4c                __aeabi_l2d
 .text          0x00000da8      0x21c c:/program files (x86)/cypress/psoc creator/4.4/psoc creator/import/gnu/arm/5.4.1/bin/../lib/gcc/arm-none-eabi/5.4.1/armv7-m\libgcc.a(_arm_addsubsf3.o)
                0x00000da8                __aeabi_frsub
                0x00000db0                __subsf3
                0x00000db0                __aeabi_fsub
                0x00000db4                __aeabi_fadd
                0x00000db4                __addsf3
                0x00000f14                __aeabi_ui2f
                0x00000f14                __floatunsisf
                0x00000f1c                __aeabi_i2f
                0x00000f1c                __floatsisf
                0x00000f38                __aeabi_ul2f
                0x00000f38                __floatundisf
                0x00000f48                __aeabi_l2f
                0x00000f48                __floatdisf
 .text.__errno  0x00000fc4        0xc c:/program files (x86)/cypress/psoc creator/4.4/psoc creator/import/gnu/arm/5.4.1/bin/../lib/gcc/arm-none-eabi/5.4.1/../../../../arm-none-eabi/lib/armv7-m\libg_nano.a(lib_a-errno.o)
                0x00000fc4                __errno
 .text.__libc_init_array
                0x00000fd0       0x4c c:/program files (x86)/cypress/psoc creator/4.4/psoc creator/import/gnu/arm/5.4.1/bin/../lib/gcc/arm-none-eabi/5.4.1/../../../../arm-none-eabi/lib/armv7-m\libg_nano.a(lib_a-init.o)
                0x00000fd0                __libc_init_array
 .text.memcpy   0x0000101c       0x16 c:/program files (x86)/cypress/psoc creator/4.4/psoc creator/import/gnu/arm/5.4.1/bin/../lib/gcc/arm-none-eabi/5.4.1/../../../../arm-none-eabi/lib/armv7-m\libg_nano.a(lib_a-memcpy-stub.o)
                0x0000101c                memcpy
 .text.memset   0x00001032       0x10 c:/program files (x86)/cypress/psoc creator/4.4/psoc creator/import/gnu/arm/5.4.1/bin/../lib/gcc/arm-none-eabi/5.4.1/../../../../arm-none-eabi/lib/armv7-m\libg_nano.a(lib_a-memset.o)
                0x00001032                memset
 .text.__cvt    0x00001042       0xc0 c:/program files (x86)/cypress/psoc creator/4.4/psoc creator/import/gnu/arm/5.4.1/bin/../lib/gcc/arm-none-eabi/5.4.1/../../../../arm-none-eabi/lib/armv7-m\libg_nano.a(lib_a-nano-vfprintf_float.o)
                0x00001042                __cvt
 .text.__exponent
                0x00001102       0x62 c:/program files (x86)/cypress/psoc creator/4.4/psoc creator/import/gnu/arm/5.4.1/bin/../lib/gcc/arm-none-eabi/5.4.1/../../../../arm-none-eabi/lib/armv7-m\libg_nano.a(lib_a-nano-vfprintf_float.o)
                0x00001102                __exponent
 .text._printf_float
                0x00001164      0x488 c:/program files (x86)/cypress/psoc creator/4.4/psoc creator/import/gnu/arm/5.4.1/bin/../lib/gcc/arm-none-eabi/5.4.1/../../../../arm-none-eabi/lib/armv7-m\libg_nano.a(lib_a-nano-vfprintf_float.o)
                0x00001164                _printf_float
 .text._printf_common
                0x000015ec       0xec c:/program files (x86)/cypress/psoc creator/4.4/psoc creator/import/gnu/arm/5.4.1/bin/../lib/gcc/arm-none-eabi/5.4.1/../../../../arm-none-eabi/lib/armv7-m\libg_nano.a(lib_a-nano-vfprintf_i.o)
                0x000015ec                _printf_common
 .text._printf_i
                0x000016d8      0x24c c:/program files (x86)/cypress/psoc creator/4.4/psoc creator/import/gnu/arm/5.4.1/bin/../lib/gcc/arm-none-eabi/5.4.1/../../../../arm-none-eabi/lib/armv7-m\libg_nano.a(lib_a-nano-vfprintf_i.o)
                0x000016d8                _printf_i
 .text.snprintf
                0x00001924       0x64 c:/program files (x86)/cypress/psoc creator/4.4/psoc creator/import/gnu/arm/5.4.1/bin/../lib/gcc/arm-none-eabi/5.4.1/../../../../arm-none-eabi/lib/armv7-m\libg_nano.a(lib_a-snprintf.o)
                0x00001924                sniprintf
                0x00001924                snprintf
 .text          0x00001988       0x10 c:/program files (x86)/cypress/psoc creator/4.4/psoc creator/import/gnu/arm/5.4.1/bin/../lib/gcc/arm-none-eabi/5.4.1/../../../../arm-none-eabi/lib/armv7-m\libg_nano.a(lib_a-strlen.o)
                0x00001988                strlen
 .text.quorem   0x00001998      0x116 c:/program files (x86)/cypress/psoc creator/4.4/psoc creator/import/gnu/arm/5.4.1/bin/../lib/gcc/arm-none-eabi/5.4.1/../../../../arm-none-eabi/lib/armv7-m\libg_nano.a(lib_a-dtoa.o)
 *fill*         0x00001aae        0x2 
 .text._dtoa_r  0x00001ab0      0xb30 c:/program files (x86)/cypress/psoc creator/4.4/psoc creator/import/gnu/arm/5.4.1/bin/../lib/gcc/arm-none-eabi/5.4.1/../../../../arm-none-eabi/lib/armv7-m\libg_nano.a(lib_a-dtoa.o)
                0x00001ab0                _dtoa_r
 .text._localeconv_r
                0x000025e0        0x8 c:/program files (x86)/cypress/psoc creator/4.4/psoc creator/import/gnu/arm/5.4.1/bin/../lib/gcc/arm-none-eabi/5.4.1/../../../../arm-none-eabi/lib/armv7-m\libg_nano.a(lib_a-locale.o)
                0x000025e0                _localeconv_r
 .text.malloc   0x000025e8       0x10 c:/program files (x86)/cypress/psoc creator/4.4/psoc creator/import/gnu/arm/5.4.1/bin/../lib/gcc/arm-none-eabi/5.4.1/../../../../arm-none-eabi/lib/armv7-m\libg_nano.a(lib_a-malloc.o)
                0x000025e8                malloc
 .text.memchr   0x000025f8       0x1c c:/program files (x86)/cypress/psoc creator/4.4/psoc creator/import/gnu/arm/5.4.1/bin/../lib/gcc/arm-none-eabi/5.4.1/../../../../arm-none-eabi/lib/armv7-m\libg_nano.a(lib_a-memchr-stub.o)
                0x000025f8                memchr
 .text._Balloc  0x00002614       0x6a c:/program files (x86)/cypress/psoc creator/4.4/psoc creator/import/gnu/arm/5.4.1/bin/../lib/gcc/arm-none-eabi/5.4.1/../../../../arm-none-eabi/lib/armv7-m\libg_nano.a(lib_a-mprec.o)
                0x00002614                _Balloc
 .text._Bfree   0x0000267e       0x2e c:/program files (x86)/cypress/psoc creator/4.4/psoc creator/import/gnu/arm/5.4.1/bin/../lib/gcc/arm-none-eabi/5.4.1/../../../../arm-none-eabi/lib/armv7-m\libg_nano.a(lib_a-mprec.o)
                0x0000267e                _Bfree
 .text.__multadd
                0x000026ac       0x76 c:/program files (x86)/cypress/psoc creator/4.4/psoc creator/import/gnu/arm/5.4.1/bin/../lib/gcc/arm-none-eabi/5.4.1/../../../../arm-none-eabi/lib/armv7-m\libg_nano.a(lib_a-mprec.o)
                0x000026ac                __multadd
 .text.__hi0bits
                0x00002722       0x40 c:/program files (x86)/cypress/psoc creator/4.4/psoc creator/import/gnu/arm/5.4.1/bin/../lib/gcc/arm-none-eabi/5.4.1/../../../../arm-none-eabi/lib/armv7-m\libg_nano.a(lib_a-mprec.o)
                0x00002722                __hi0bits
 .text.__lo0bits
                0x00002762       0x5a c:/program files (x86)/cypress/psoc creator/4.4/psoc creator/import/gnu/arm/5.4.1/bin/../lib/gcc/arm-none-eabi/5.4.1/../../../../arm-none-eabi/lib/armv7-m\libg_nano.a(lib_a-mprec.o)
                0x00002762                __lo0bits
 .text.__i2b    0x000027bc       0x12 c:/program files (x86)/cypress/psoc creator/4.4/psoc creator/import/gnu/arm/5.4.1/bin/../lib/gcc/arm-none-eabi/5.4.1/../../../../arm-none-eabi/lib/armv7-m\libg_nano.a(lib_a-mprec.o)
                0x000027bc                __i2b
 .text.__multiply
                0x000027ce      0x120 c:/program files (x86)/cypress/psoc creator/4.4/psoc creator/import/gnu/arm/5.4.1/bin/../lib/gcc/arm-none-eabi/5.4.1/../../../../arm-none-eabi/lib/armv7-m\libg_nano.a(lib_a-mprec.o)
                0x000027ce                __multiply
 *fill*         0x000028ee        0x2 
 .text.__pow5mult
                0x000028f0       0x9c c:/program files (x86)/cypress/psoc creator/4.4/psoc creator/import/gnu/arm/5.4.1/bin/../lib/gcc/arm-none-eabi/5.4.1/../../../../arm-none-eabi/lib/armv7-m\libg_nano.a(lib_a-mprec.o)
                0x000028f0                __pow5mult
 .text.__lshift
                0x0000298c       0xa2 c:/program files (x86)/cypress/psoc creator/4.4/psoc creator/import/gnu/arm/5.4.1/bin/../lib/gcc/arm-none-eabi/5.4.1/../../../../arm-none-eabi/lib/armv7-m\libg_nano.a(lib_a-mprec.o)
                0x0000298c                __lshift
 .text.__mcmp   0x00002a2e       0x38 c:/program files (x86)/cypress/psoc creator/4.4/psoc creator/import/gnu/arm/5.4.1/bin/../lib/gcc/arm-none-eabi/5.4.1/../../../../arm-none-eabi/lib/armv7-m\libg_nano.a(lib_a-mprec.o)
                0x00002a2e                __mcmp
 .text.__mdiff  0x00002a66       0xbe c:/program files (x86)/cypress/psoc creator/4.4/psoc creator/import/gnu/arm/5.4.1/bin/../lib/gcc/arm-none-eabi/5.4.1/../../../../arm-none-eabi/lib/armv7-m\libg_nano.a(lib_a-mprec.o)
                0x00002a66                __mdiff
 .text.__d2b    0x00002b24       0x9c c:/program files (x86)/cypress/psoc creator/4.4/psoc creator/import/gnu/arm/5.4.1/bin/../lib/gcc/arm-none-eabi/5.4.1/../../../../arm-none-eabi/lib/armv7-m\libg_nano.a(lib_a-mprec.o)
                0x00002b24                __d2b
 .text._calloc_r
                0x00002bc0       0x1c c:/program files (x86)/cypress/psoc creator/4.4/psoc creator/import/gnu/arm/5.4.1/bin/../lib/gcc/arm-none-eabi/5.4.1/../../../../arm-none-eabi/lib/armv7-m\libg_nano.a(lib_a-nano-callocr.o)
                0x00002bc0                _calloc_r
 .text._free_r  0x00002bdc       0x98 c:/program files (x86)/cypress/psoc creator/4.4/psoc creator/import/gnu/arm/5.4.1/bin/../lib/gcc/arm-none-eabi/5.4.1/../../../../arm-none-eabi/lib/armv7-m\libg_nano.a(lib_a-nano-freer.o)
                0x00002bdc                _free_r
 .text._malloc_r
                0x00002c74       0xbc c:/program files (x86)/cypress/psoc creator/4.4/psoc creator/import/gnu/arm/5.4.1/bin/../lib/gcc/arm-none-eabi/5.4.1/../../../../arm-none-eabi/lib/armv7-m\libg_nano.a(lib_a-nano-mallocr.o)
                0x00002c74                _malloc_r
 .text.__ssputs_r
                0x00002d30       0xb2 c:/program files (x86)/cypress/psoc creator/4.4/psoc creator/import/gnu/arm/5.4.1/bin/../lib/gcc/arm-none-eabi/5.4.1/../../../../arm-none-eabi/lib/armv7-m\libg_nano.a(lib_a-nano-svfprintf.o)
                0x00002d30                __ssputs_r
 *fill*         0x00002de2        0x2 
 .text._svfprintf_r
                0x00002de4      0x1e8 c:/program files (x86)/cypress/psoc creator/4.4/psoc creator/import/gnu/arm/5.4.1/bin/../lib/gcc/arm-none-eabi/5.4.1/../../../../arm-none-eabi/lib/armv7-m\libg_nano.a(lib_a-nano-svfprintf.o)
                0x00002de4                _svfiprintf_r
                0x00002de4                _svfprintf_r
 .text._sbrk_r  0x00002fcc       0x20 c:/program files (x86)/cypress/psoc creator/4.4/psoc creator/import/gnu/arm/5.4.1/bin/../lib/gcc/arm-none-eabi/5.4.1/../../../../arm-none-eabi/lib/armv7-m\libg_nano.a(lib_a-sbrkr.o)
                0x00002fcc                _sbrk_r
 .text.memmove  0x00002fec       0x36 c:/program files (x86)/cypress/psoc creator/4.4/psoc creator/import/gnu/arm/5.4.1/bin/../lib/gcc/arm-none-eabi/5.4.1/../../../../arm-none-eabi/lib/armv7-m\libg_nano.a(lib_a-memmove.o)
                0x00002fec                memmove
 .text.__malloc_lock
                0x00003022        0x2 c:/program files (x86)/cypress/psoc creator/4.4/psoc creator/import/gnu/arm/5.4.1/bin/../lib/gcc/arm-none-eabi/5.4.1/../../../../arm-none-eabi/lib/armv7-m\libg_nano.a(lib_a-mlock.o)
                0x00003022                __malloc_lock
 .text.__malloc_unlock
                0x00003024        0x2 c:/program files (x86)/cypress/psoc creator/4.4/psoc creator/import/gnu/arm/5.4.1/bin/../lib/gcc/arm-none-eabi/5.4.1/../../../../arm-none-eabi/lib/armv7-m\libg_nano.a(lib_a-mlock.o)
                0x00003024                __malloc_unlock
 .text._realloc_r
                0x00003026       0x4c c:/program files (x86)/cypress/psoc creator/4.4/psoc creator/import/gnu/arm/5.4.1/bin/../lib/gcc/arm-none-eabi/5.4.1/../../../../arm-none-eabi/lib/armv7-m\libg_nano.a(lib_a-nano-reallocr.o)
                0x00003026                _realloc_r
 .text._malloc_usable_size_r
                0x00003072       0x14 c:/program files (x86)/cypress/psoc creator/4.4/psoc creator/import/gnu/arm/5.4.1/bin/../lib/gcc/arm-none-eabi/5.4.1/../../../../arm-none-eabi/lib/armv7-m\libg_nano.a(lib_a-nano-msizer.o)
                0x00003072                _malloc_usable_size_r
 *fill*         0x00003086        0x2 
 .text          0x00003088      0x424 c:/program files (x86)/cypress/psoc creator/4.4/psoc creator/import/gnu/arm/5.4.1/bin/../lib/gcc/arm-none-eabi/5.4.1/armv7-m\libgcc.a(_arm_muldivdf3.o)
                0x00003088                __aeabi_dmul
                0x00003088                __muldf3
                0x000032dc                __divdf3
                0x000032dc                __aeabi_ddiv
 .text          0x000034ac      0x110 c:/program files (x86)/cypress/psoc creator/4.4/psoc creator/import/gnu/arm/5.4.1/bin/../lib/gcc/arm-none-eabi/5.4.1/armv7-m\libgcc.a(_arm_cmpdf2.o)
                0x000034ac                __gtdf2
                0x000034ac                __gedf2
                0x000034b4                __ltdf2
                0x000034b4                __ledf2
                0x000034bc                __nedf2
                0x000034bc                __eqdf2
                0x000034bc                __cmpdf2
                0x00003538                __aeabi_cdrcmple
                0x00003548                __aeabi_cdcmpeq
                0x00003548                __aeabi_cdcmple
                0x00003558                __aeabi_dcmpeq
                0x0000356c                __aeabi_dcmplt
                0x00003580                __aeabi_dcmple
                0x00003594                __aeabi_dcmpge
                0x000035a8                __aeabi_dcmpgt
 .text          0x000035bc       0x2c c:/program files (x86)/cypress/psoc creator/4.4/psoc creator/import/gnu/arm/5.4.1/bin/../lib/gcc/arm-none-eabi/5.4.1/armv7-m\libgcc.a(_arm_unorddf2.o)
                0x000035bc                __unorddf2
                0x000035bc                __aeabi_dcmpun
 .text          0x000035e8       0x50 c:/program files (x86)/cypress/psoc creator/4.4/psoc creator/import/gnu/arm/5.4.1/bin/../lib/gcc/arm-none-eabi/5.4.1/armv7-m\libgcc.a(_arm_fixdfsi.o)
                0x000035e8                __aeabi_d2iz
                0x000035e8                __fixdfsi
 *(.plt)
 *(.gnu.warning)
 *(.glue_7t)
 .glue_7t       0x00003638        0x0 linker stubs
 *(.glue_7)
 .glue_7        0x00003638        0x0 linker stubs
 *(.vfp11_veneer)
 .vfp11_veneer  0x00003638        0x0 linker stubs
 *(.bootloader)
 *(.ARM.extab* .gnu.linkonce.armextab.*)
 *(.gcc_except_table)

.v4_bx          0x00003638        0x0
 .v4_bx         0x00003638        0x0 linker stubs

.iplt           0x00003638        0x0
 .iplt          0x00003638        0x0 c:/program files (x86)/cypress/psoc creator/4.4/psoc creator/import/gnu/arm/5.4.1/bin/../lib/gcc/arm-none-eabi/5.4.1/armv7-m/crtbegin.o

.eh_frame_hdr
 *(.eh_frame_hdr)

.eh_frame       0x00003638        0x4
 *(.eh_frame)
 .eh_frame      0x00003638        0x0 c:/program files (x86)/cypress/psoc creator/4.4/psoc creator/import/gnu/arm/5.4.1/bin/../lib/gcc/arm-none-eabi/5.4.1/armv7-m/crtbegin.o
 .eh_frame      0x00003638        0x4 c:/program files (x86)/cypress/psoc creator/4.4/psoc creator/import/gnu/arm/5.4.1/bin/../lib/gcc/arm-none-eabi/5.4.1/armv7-m/crtend.o
                [!provide]                PROVIDE (__exidx_start, .)

.ARM.exidx
 *(.ARM.exidx* .gnu.linkonce.armexidx.*)
                0x0000363c                __exidx_end = .

.rodata         0x00003640      0x1f0
 *(.rodata .rodata.* .gnu.linkonce.r.*)
 .rodata.str1.4
                0x00003640        0x8 .\CortexM3\ARM_GCC_541\Debug\main.o
                                  0x5 (size before relaxing)
 .rodata        0x00003648       0x50 .\CortexM3\ARM_GCC_541\Debug\cyfitter_cfg.o
 .rodata.str1.1
                0x00003698        0x2 c:/program files (x86)/cypress/psoc creator/4.4/psoc creator/import/gnu/arm/5.4.1/bin/../lib/gcc/arm-none-eabi/5.4.1/../../../../arm-none-eabi/lib/armv7-m\libg_nano.a(lib_a-impure.o)
 .rodata.str1.1
                0x0000369a       0x12 c:/program files (x86)/cypress/psoc creator/4.4/psoc creator/import/gnu/arm/5.4.1/bin/../lib/gcc/arm-none-eabi/5.4.1/../../../../arm-none-eabi/lib/armv7-m\libg_nano.a(lib_a-nano-vfprintf_float.o)
 .rodata.str1.1
                0x000036ac       0x22 c:/program files (x86)/cypress/psoc creator/4.4/psoc creator/import/gnu/arm/5.4.1/bin/../lib/gcc/arm-none-eabi/5.4.1/../../../../arm-none-eabi/lib/armv7-m\libg_nano.a(lib_a-nano-vfprintf_i.o)
 .rodata.str1.1
                0x000036ce        0xd c:/program files (x86)/cypress/psoc creator/4.4/psoc creator/import/gnu/arm/5.4.1/bin/../lib/gcc/arm-none-eabi/5.4.1/../../../../arm-none-eabi/lib/armv7-m\libg_nano.a(lib_a-dtoa.o)
                                  0xf (size before relaxing)
 .rodata.str1.1
                0x000036db        0x8 c:/program files (x86)/cypress/psoc creator/4.4/psoc creator/import/gnu/arm/5.4.1/bin/../lib/gcc/arm-none-eabi/5.4.1/../../../../arm-none-eabi/lib/armv7-m\libg_nano.a(lib_a-locale.o)
                                  0xb (size before relaxing)
 *fill*         0x000036e3        0x5 
 .rodata.__mprec_tens
                0x000036e8       0xc8 c:/program files (x86)/cypress/psoc creator/4.4/psoc creator/import/gnu/arm/5.4.1/bin/../lib/gcc/arm-none-eabi/5.4.1/../../../../arm-none-eabi/lib/armv7-m\libg_nano.a(lib_a-mprec.o)
                0x000036e8                __mprec_tens
 .rodata.p05.5408
                0x000037b0        0xc c:/program files (x86)/cypress/psoc creator/4.4/psoc creator/import/gnu/arm/5.4.1/bin/../lib/gcc/arm-none-eabi/5.4.1/../../../../arm-none-eabi/lib/armv7-m\libg_nano.a(lib_a-mprec.o)
 *fill*         0x000037bc        0x4 
 .rodata.__mprec_bigtens
                0x000037c0       0x28 c:/program files (x86)/cypress/psoc creator/4.4/psoc creator/import/gnu/arm/5.4.1/bin/../lib/gcc/arm-none-eabi/5.4.1/../../../../arm-none-eabi/lib/armv7-m\libg_nano.a(lib_a-mprec.o)
                0x000037c0                __mprec_bigtens
 .rodata.str1.1
                0x000037e8       0x11 c:/program files (x86)/cypress/psoc creator/4.4/psoc creator/import/gnu/arm/5.4.1/bin/../lib/gcc/arm-none-eabi/5.4.1/../../../../arm-none-eabi/lib/armv7-m\libg_nano.a(lib_a-nano-svfprintf.o)
                0x000037fc                . = ALIGN (0x4)
 *fill*         0x000037f9        0x3 
 *(.init)
 .init          0x000037fc        0x4 c:/program files (x86)/cypress/psoc creator/4.4/psoc creator/import/gnu/arm/5.4.1/bin/../lib/gcc/arm-none-eabi/5.4.1/armv7-m/crti.o
                0x000037fc                _init
 .init          0x00003800        0x8 c:/program files (x86)/cypress/psoc creator/4.4/psoc creator/import/gnu/arm/5.4.1/bin/../lib/gcc/arm-none-eabi/5.4.1/armv7-m/crtn.o
                0x00003808                . = ALIGN (0x4)
                0x00003808                __preinit_array_start = .
 *(.preinit_array)
                0x00003808                __preinit_array_end = .
                0x00003808                . = ALIGN (0x4)
                0x00003808                __init_array_start = .
 *(SORT(.init_array.*))
 *(.init_array)
 .init_array    0x00003808        0x4 c:/program files (x86)/cypress/psoc creator/4.4/psoc creator/import/gnu/arm/5.4.1/bin/../lib/gcc/arm-none-eabi/5.4.1/armv7-m/crtbegin.o
 .init_array    0x0000380c        0x4 .\CortexM3\ARM_GCC_541\Debug\Cm3Start.o
                0x00003810                __init_array_end = .
                0x00003810                . = ALIGN (0x4)
 *(.fini)
 .fini          0x00003810        0x4 c:/program files (x86)/cypress/psoc creator/4.4/psoc creator/import/gnu/arm/5.4.1/bin/../lib/gcc/arm-none-eabi/5.4.1/armv7-m/crti.o
                0x00003810                _fini
 .fini          0x00003814        0x8 c:/program files (x86)/cypress/psoc creator/4.4/psoc creator/import/gnu/arm/5.4.1/bin/../lib/gcc/arm-none-eabi/5.4.1/armv7-m/crtn.o
                0x0000381c                . = ALIGN (0x4)
                0x0000381c                __fini_array_start = .
 *(.fini_array)
 .fini_array    0x0000381c        0x4 c:/program files (x86)/cypress/psoc creator/4.4/psoc creator/import/gnu/arm/5.4.1/bin/../lib/gcc/arm-none-eabi/5.4.1/armv7-m/crtbegin.o
 *(SORT(.fini_array.*))
                0x00003820                __fini_array_end = .
                0x00003820                . = ALIGN (0x4)
 *crtbegin.o(.ctors)
 *(EXCLUDE_FILE(*crtend.o) .ctors)
 *(SORT(.ctors.*))
 *crtend.o(.ctors)
                0x00003820                . = ALIGN (0x4)
 *crtbegin.o(.dtors)
 *(EXCLUDE_FILE(*crtend.o) .dtors)
 *(SORT(.dtors.*))
 *crtend.o(.dtors)
                0x00003820                . = ALIGN (0x4)
                0x00003820                __cy_regions = .
                0x00003820        0x4 LONG 0x3830 __cy_region_init_ram
                0x00003824        0x4 LONG 0x1fff80c8 __cy_region_start_data
                0x00003828        0x4 LONG 0xb8 __cy_region_init_size_ram
                0x0000382c        0x4 LONG 0x40 __cy_region_zero_size_ram
                0x00003830                __cy_regions_end = .
                0x00003830                . = ALIGN (0x8)
                0x00003830                _etext = .

.cy_checksum_exclude
                0x00003830        0x0
 *(.cy_checksum_exclude)

.ramvectors     0x1fff8000       0xc0
                0x1fff8000                __cy_region_start_ram = .
 *(.ramvectors)
 .ramvectors    0x1fff8000       0xc0 .\CortexM3\ARM_GCC_541\Debug\Cm3Start.o
                0x1fff8000                CyRamVectors

.noinit         0x1fff80c0        0x1
 *(.noinit)
 .noinit        0x1fff80c0        0x1 .\CortexM3\ARM_GCC_541\Debug\Communication Busses.a(CyLib.o)
                0x1fff80c0                CyResetStatus

.data           0x1fff80c8       0xb8 load address 0x00003830
                0x1fff80c8                __cy_region_start_data = .
 *(.jcr)
 .jcr           0x1fff80c8        0x0 c:/program files (x86)/cypress/psoc creator/4.4/psoc creator/import/gnu/arm/5.4.1/bin/../lib/gcc/arm-none-eabi/5.4.1/armv7-m/crtbegin.o
 .jcr           0x1fff80c8        0x4 c:/program files (x86)/cypress/psoc creator/4.4/psoc creator/import/gnu/arm/5.4.1/bin/../lib/gcc/arm-none-eabi/5.4.1/armv7-m/crtend.o
 *(.got.plt)
 *(.got)
 *(.shdata)
 *(.data .data.* .gnu.linkonce.d.*)
 .data          0x1fff80cc        0x4 .\CortexM3\ARM_GCC_541\Debug\Cm3Start.o
 .data          0x1fff80d0       0x10 .\CortexM3\ARM_GCC_541\Debug\Communication Busses.a(CyLib.o)
                0x1fff80d0                cydelay_32k_ms
                0x1fff80d4                cydelay_freq_khz
                0x1fff80d8                cydelay_freq_mhz
                0x1fff80dc                cydelay_freq_hz
 .data.impure_data
                0x1fff80e0       0x60 c:/program files (x86)/cypress/psoc creator/4.4/psoc creator/import/gnu/arm/5.4.1/bin/../lib/gcc/arm-none-eabi/5.4.1/../../../../arm-none-eabi/lib/armv7-m\libg_nano.a(lib_a-impure.o)
 .data._impure_ptr
                0x1fff8140        0x4 c:/program files (x86)/cypress/psoc creator/4.4/psoc creator/import/gnu/arm/5.4.1/bin/../lib/gcc/arm-none-eabi/5.4.1/../../../../arm-none-eabi/lib/armv7-m\libg_nano.a(lib_a-impure.o)
                0x1fff8140                _impure_ptr
 .data.lconv    0x1fff8144       0x38 c:/program files (x86)/cypress/psoc creator/4.4/psoc creator/import/gnu/arm/5.4.1/bin/../lib/gcc/arm-none-eabi/5.4.1/../../../../arm-none-eabi/lib/armv7-m\libg_nano.a(lib_a-locale.o)
                0x1fff8180                . = ALIGN (0x8)
 *fill*         0x1fff817c        0x4 
 *(.ram)
                0x1fff8180                _edata = .

.igot.plt       0x1fff8180        0x0 load address 0x000038e8
 .igot.plt      0x1fff8180        0x0 c:/program files (x86)/cypress/psoc creator/4.4/psoc creator/import/gnu/arm/5.4.1/bin/../lib/gcc/arm-none-eabi/5.4.1/armv7-m/crtbegin.o

.bss            0x1fff8180       0x40 load address 0x000038e8
                0x1fff8180                PROVIDE (__bss_start__, .)
 *(.shbss)
 *(.bss .bss.* .gnu.linkonce.b.*)
 .bss           0x1fff8180       0x1c c:/program files (x86)/cypress/psoc creator/4.4/psoc creator/import/gnu/arm/5.4.1/bin/../lib/gcc/arm-none-eabi/5.4.1/armv7-m/crtbegin.o
 .bss           0x1fff819c        0x1 .\CortexM3\ARM_GCC_541\Debug\Communication Busses.a(I2C_LM75.o)
                0x1fff819c                I2C_LM75_initVar
 .bss           0x1fff819d        0x2 .\CortexM3\ARM_GCC_541\Debug\Communication Busses.a(UART_TERMINAL.o)
                0x1fff819d                UART_TERMINAL_initVar
 *fill*         0x1fff819f        0x1 
 .bss.__malloc_sbrk_start
                0x1fff81a0        0x4 c:/program files (x86)/cypress/psoc creator/4.4/psoc creator/import/gnu/arm/5.4.1/bin/../lib/gcc/arm-none-eabi/5.4.1/../../../../arm-none-eabi/lib/armv7-m\libg_nano.a(lib_a-nano-mallocr.o)
                0x1fff81a0                __malloc_sbrk_start
 .bss.__malloc_free_list
                0x1fff81a4        0x4 c:/program files (x86)/cypress/psoc creator/4.4/psoc creator/import/gnu/arm/5.4.1/bin/../lib/gcc/arm-none-eabi/5.4.1/../../../../arm-none-eabi/lib/armv7-m\libg_nano.a(lib_a-nano-mallocr.o)
                0x1fff81a4                __malloc_free_list
 *(COMMON)
 COMMON         0x1fff81a8        0x1 .\CortexM3\ARM_GCC_541\Debug\Communication Busses.a(I2C_LM75.o)
                0x1fff81a8                I2C_LM75_state
 *fill*         0x1fff81a9        0x3 
 COMMON         0x1fff81ac       0x10 .\CortexM3\ARM_GCC_541\Debug\Communication Busses.a(I2C_LM75_MASTER.o)
                0x1fff81ac                I2C_LM75_mstrWrBufIndex
                0x1fff81ad                I2C_LM75_mstrControl
                0x1fff81b0                I2C_LM75_mstrWrBufPtr
                0x1fff81b4                I2C_LM75_mstrWrBufSize
                0x1fff81b5                I2C_LM75_mstrRdBufSize
                0x1fff81b6                I2C_LM75_mstrRdBufIndex
                0x1fff81b7                I2C_LM75_mstrStatus
                0x1fff81b8                I2C_LM75_mstrRdBufPtr
 COMMON         0x1fff81bc        0x4 c:/program files (x86)/cypress/psoc creator/4.4/psoc creator/import/gnu/arm/5.4.1/bin/../lib/gcc/arm-none-eabi/5.4.1/../../../../arm-none-eabi/lib/armv7-m\libg_nano.a(lib_a-reent.o)
                0x1fff81bc                errno
                0x1fff81c0                . = ALIGN (0x8)
 *(.ram.b)
                0x1fff81c0                _end = .
                0x1fff81c0                __end = .
                0x1fff81c0                PROVIDE (end, .)
                0x1fff81c0                PROVIDE (__bss_end__, .)
                0x00003830                __cy_region_init_ram = LOADADDR (.data)
                0x000000b8                __cy_region_init_size_ram = (_edata - ADDR (.data))
                0x00000040                __cy_region_zero_size_ram = (_end - _edata)

.heap           0x1fff81c0      0x200 load address 0x000038e8
                0x1fff81c0                . = _end
                0x1fff83c0                . = (. + 0x200)
 *fill*         0x1fff81c0      0x200 
                0x1fff83c0                __cy_heap_limit = .

.stack          0x20007800      0x800
                0x20007800                __cy_stack_limit = .
                0x20008000                . = (. + 0x800)
 *fill*         0x20007800      0x800 
                0x00000001                ASSERT ((__cy_stack_limit >= __cy_heap_limit), region RAM overflowed with stack)
                0x00000000                cy_checksum_exclude_size = (CY_APPL_LOADABLE == 0x1)?SIZEOF (.cy_checksum_exclude):0x0
                0x00000001                ASSERT ((cy_checksum_exclude_size <= CY_CHECKSUM_EXCLUDE_SIZE), CY_BOOT: Section .cy_checksum_exclude size exceedes specified limit.)

.cyloadermeta
 *(.cyloadermeta)

.cyloadablemeta
 *(.cyloadablemeta)

.cyconfigecc    0x80000000      0x374
 *(.cyconfigecc)
 .cyconfigecc   0x80000000      0x374 .\CortexM3\ARM_GCC_541\Debug\cymetadata.o
                0x80000000                cy_meta_configecc

.cycustnvl      0x90000000        0x4
 *(.cycustnvl)
 .cycustnvl     0x90000000        0x4 .\CortexM3\ARM_GCC_541\Debug\cymetadata.o
                0x90000000                cy_meta_custnvl

.cywolatch      0x90100000        0x4
 *(.cywolatch)
 .cywolatch     0x90100000        0x4 .\CortexM3\ARM_GCC_541\Debug\cymetadata.o
                0x90100000                cy_meta_wonvl

.cyeeprom       0x90200000        0x0
 *(.cyeeprom)
                0x00000001                ASSERT ((. <= ((0x90200000 + ee_offset) + ee_size)), .cyeeprom data will not fit in EEPROM)

.cyflashprotect
                0x90400000      0x100
 *(.cyflashprotect)
 .cyflashprotect
                0x90400000      0x100 .\CortexM3\ARM_GCC_541\Debug\cymetadata.o
                0x90400000                cy_meta_flashprotect

.cymeta         0x90500000        0xc
 *(.cymeta)
 .cymeta        0x90500000        0xc .\CortexM3\ARM_GCC_541\Debug\cymetadata.o
                0x90500000                cy_metadata

.rel.dyn        0x000038e8        0x0 load address 0x9050000c
 .rel.iplt      0x000038e8        0x0 c:/program files (x86)/cypress/psoc creator/4.4/psoc creator/import/gnu/arm/5.4.1/bin/../lib/gcc/arm-none-eabi/5.4.1/armv7-m/crtbegin.o

.stab
 *(.stab)

.stabstr
 *(.stabstr)

.debug
 *(.debug)

.line
 *(.line)

.debug_srcinfo
 *(.debug_srcinfo)

.debug_sfnames
 *(.debug_sfnames)

.debug_aranges  0x00000000      0x7b0
 *(.debug_aranges)
 .debug_aranges
                0x00000000       0x28 .\CortexM3\ARM_GCC_541\Debug\main.o
 .debug_aranges
                0x00000028       0x58 .\CortexM3\ARM_GCC_541\Debug\cyfitter_cfg.o
 .debug_aranges
                0x00000080       0x18 .\CortexM3\ARM_GCC_541\Debug\cymetadata.o
 .debug_aranges
                0x00000098       0x48 .\CortexM3\ARM_GCC_541\Debug\Cm3Start.o
 .debug_aranges
                0x000000e0      0x2a0 .\CortexM3\ARM_GCC_541\Debug\Communication Busses.a(CyLib.o)
 .debug_aranges
                0x00000380       0x98 .\CortexM3\ARM_GCC_541\Debug\Communication Busses.a(cyPm.o)
 .debug_aranges
                0x00000418       0x38 .\CortexM3\ARM_GCC_541\Debug\Communication Busses.a(I2C_LM75.o)
 .debug_aranges
                0x00000450       0x20 .\CortexM3\ARM_GCC_541\Debug\Communication Busses.a(I2C_LM75_INT.o)
 .debug_aranges
                0x00000470       0x38 .\CortexM3\ARM_GCC_541\Debug\Communication Busses.a(I2C_LM75_PM.o)
 .debug_aranges
                0x000004a8       0x80 .\CortexM3\ARM_GCC_541\Debug\Communication Busses.a(I2C_LM75_MASTER.o)
 .debug_aranges
                0x00000528       0xf0 .\CortexM3\ARM_GCC_541\Debug\Communication Busses.a(UART_TERMINAL.o)
 .debug_aranges
                0x00000618       0x70 .\CortexM3\ARM_GCC_541\Debug\Communication Busses.a(UART_TERMINAL_IntClock.o)
 .debug_aranges
                0x00000688       0x20 .\CortexM3\ARM_GCC_541\Debug\Communication Busses.a(CyBootAsmGnu.o)
 .debug_aranges
                0x000006a8       0x88 .\CortexM3\ARM_GCC_541\Debug\Communication Busses.a(CyFlash.o)
 .debug_aranges
                0x00000730       0x80 .\CortexM3\ARM_GCC_541\Debug\Communication Busses.a(CySpc.o)

.debug_pubnames
 *(.debug_pubnames)

.debug_info     0x00000000     0x4a01
 *(.debug_info .gnu.linkonce.wi.*)
 .debug_info    0x00000000      0x2b3 .\CortexM3\ARM_GCC_541\Debug\main.o
 .debug_info    0x000002b3      0x583 .\CortexM3\ARM_GCC_541\Debug\cyfitter_cfg.o
 .debug_info    0x00000836      0x135 .\CortexM3\ARM_GCC_541\Debug\cymetadata.o
 .debug_info    0x0000096b      0x3bb .\CortexM3\ARM_GCC_541\Debug\Cm3Start.o
 .debug_info    0x00000d26     0x1374 .\CortexM3\ARM_GCC_541\Debug\Communication Busses.a(CyLib.o)
 .debug_info    0x0000209a      0xa2a .\CortexM3\ARM_GCC_541\Debug\Communication Busses.a(cyPm.o)
 .debug_info    0x00002ac4      0x2ad .\CortexM3\ARM_GCC_541\Debug\Communication Busses.a(I2C_LM75.o)
 .debug_info    0x00002d71      0x184 .\CortexM3\ARM_GCC_541\Debug\Communication Busses.a(I2C_LM75_INT.o)
 .debug_info    0x00002ef5      0x207 .\CortexM3\ARM_GCC_541\Debug\Communication Busses.a(I2C_LM75_PM.o)
 .debug_info    0x000030fc      0x407 .\CortexM3\ARM_GCC_541\Debug\Communication Busses.a(I2C_LM75_MASTER.o)
 .debug_info    0x00003503      0x60c .\CortexM3\ARM_GCC_541\Debug\Communication Busses.a(UART_TERMINAL.o)
 .debug_info    0x00003b0f      0x283 .\CortexM3\ARM_GCC_541\Debug\Communication Busses.a(UART_TERMINAL_IntClock.o)
 .debug_info    0x00003d92       0xd2 .\CortexM3\ARM_GCC_541\Debug\Communication Busses.a(CyBootAsmGnu.o)
 .debug_info    0x00003e64      0x64d .\CortexM3\ARM_GCC_541\Debug\Communication Busses.a(CyFlash.o)
 .debug_info    0x000044b1      0x550 .\CortexM3\ARM_GCC_541\Debug\Communication Busses.a(CySpc.o)

.debug_abbrev   0x00000000     0x1383
 *(.debug_abbrev)
 .debug_abbrev  0x00000000      0x132 .\CortexM3\ARM_GCC_541\Debug\main.o
 .debug_abbrev  0x00000132      0x20d .\CortexM3\ARM_GCC_541\Debug\cyfitter_cfg.o
 .debug_abbrev  0x0000033f       0x66 .\CortexM3\ARM_GCC_541\Debug\cymetadata.o
 .debug_abbrev  0x000003a5      0x1e8 .\CortexM3\ARM_GCC_541\Debug\Cm3Start.o
 .debug_abbrev  0x0000058d      0x254 .\CortexM3\ARM_GCC_541\Debug\Communication Busses.a(CyLib.o)
 .debug_abbrev  0x000007e1      0x1ab .\CortexM3\ARM_GCC_541\Debug\Communication Busses.a(cyPm.o)
 .debug_abbrev  0x0000098c      0x10a .\CortexM3\ARM_GCC_541\Debug\Communication Busses.a(I2C_LM75.o)
 .debug_abbrev  0x00000a96       0xb6 .\CortexM3\ARM_GCC_541\Debug\Communication Busses.a(I2C_LM75_INT.o)
 .debug_abbrev  0x00000b4c       0xfe .\CortexM3\ARM_GCC_541\Debug\Communication Busses.a(I2C_LM75_PM.o)
 .debug_abbrev  0x00000c4a      0x13c .\CortexM3\ARM_GCC_541\Debug\Communication Busses.a(I2C_LM75_MASTER.o)
 .debug_abbrev  0x00000d86      0x175 .\CortexM3\ARM_GCC_541\Debug\Communication Busses.a(UART_TERMINAL.o)
 .debug_abbrev  0x00000efb      0x139 .\CortexM3\ARM_GCC_541\Debug\Communication Busses.a(UART_TERMINAL_IntClock.o)
 .debug_abbrev  0x00001034       0x14 .\CortexM3\ARM_GCC_541\Debug\Communication Busses.a(CyBootAsmGnu.o)
 .debug_abbrev  0x00001048      0x1a7 .\CortexM3\ARM_GCC_541\Debug\Communication Busses.a(CyFlash.o)
 .debug_abbrev  0x000011ef      0x194 .\CortexM3\ARM_GCC_541\Debug\Communication Busses.a(CySpc.o)

.debug_line     0x00000000     0x2118
 *(.debug_line)
 .debug_line    0x00000000      0x22f .\CortexM3\ARM_GCC_541\Debug\main.o
 .debug_line    0x0000022f      0x1f2 .\CortexM3\ARM_GCC_541\Debug\cyfitter_cfg.o
 .debug_line    0x00000421      0x141 .\CortexM3\ARM_GCC_541\Debug\cymetadata.o
 .debug_line    0x00000562      0x234 .\CortexM3\ARM_GCC_541\Debug\Cm3Start.o
 .debug_line    0x00000796      0x816 .\CortexM3\ARM_GCC_541\Debug\Communication Busses.a(CyLib.o)
 .debug_line    0x00000fac      0x367 .\CortexM3\ARM_GCC_541\Debug\Communication Busses.a(cyPm.o)
 .debug_line    0x00001313       0xe8 .\CortexM3\ARM_GCC_541\Debug\Communication Busses.a(I2C_LM75.o)
 .debug_line    0x000013fb      0x11e .\CortexM3\ARM_GCC_541\Debug\Communication Busses.a(I2C_LM75_INT.o)
 .debug_line    0x00001519       0xc5 .\CortexM3\ARM_GCC_541\Debug\Communication Busses.a(I2C_LM75_PM.o)
 .debug_line    0x000015de      0x207 .\CortexM3\ARM_GCC_541\Debug\Communication Busses.a(I2C_LM75_MASTER.o)
 .debug_line    0x000017e5      0x2ce .\CortexM3\ARM_GCC_541\Debug\Communication Busses.a(UART_TERMINAL.o)
 .debug_line    0x00001ab3      0x185 .\CortexM3\ARM_GCC_541\Debug\Communication Busses.a(UART_TERMINAL_IntClock.o)
 .debug_line    0x00001c38       0x66 .\CortexM3\ARM_GCC_541\Debug\Communication Busses.a(CyBootAsmGnu.o)
 .debug_line    0x00001c9e      0x21a .\CortexM3\ARM_GCC_541\Debug\Communication Busses.a(CyFlash.o)
 .debug_line    0x00001eb8      0x260 .\CortexM3\ARM_GCC_541\Debug\Communication Busses.a(CySpc.o)

.debug_frame    0x00000000     0x1bf4
 *(.debug_frame)
 .debug_frame   0x00000000       0x4c .\CortexM3\ARM_GCC_541\Debug\main.o
 .debug_frame   0x0000004c       0xe4 .\CortexM3\ARM_GCC_541\Debug\cyfitter_cfg.o
 .debug_frame   0x00000130       0xb8 .\CortexM3\ARM_GCC_541\Debug\Cm3Start.o
 .debug_frame   0x000001e8      0x738 .\CortexM3\ARM_GCC_541\Debug\Communication Busses.a(CyLib.o)
 .debug_frame   0x00000920      0x1f8 .\CortexM3\ARM_GCC_541\Debug\Communication Busses.a(cyPm.o)
 .debug_frame   0x00000b18       0x94 .\CortexM3\ARM_GCC_541\Debug\Communication Busses.a(I2C_LM75.o)
 .debug_frame   0x00000bac       0x30 .\CortexM3\ARM_GCC_541\Debug\Communication Busses.a(I2C_LM75_INT.o)
 .debug_frame   0x00000bdc       0x74 .\CortexM3\ARM_GCC_541\Debug\Communication Busses.a(I2C_LM75_PM.o)
 .debug_frame   0x00000c50      0x138 .\CortexM3\ARM_GCC_541\Debug\Communication Busses.a(I2C_LM75_MASTER.o)
 .debug_frame   0x00000d88      0x250 .\CortexM3\ARM_GCC_541\Debug\Communication Busses.a(UART_TERMINAL.o)
 .debug_frame   0x00000fd8       0xe0 .\CortexM3\ARM_GCC_541\Debug\Communication Busses.a(UART_TERMINAL_IntClock.o)
 .debug_frame   0x000010b8      0x194 .\CortexM3\ARM_GCC_541\Debug\Communication Busses.a(CyFlash.o)
 .debug_frame   0x0000124c      0x180 .\CortexM3\ARM_GCC_541\Debug\Communication Busses.a(CySpc.o)
 .debug_frame   0x000013cc       0x20 c:/program files (x86)/cypress/psoc creator/4.4/psoc creator/import/gnu/arm/5.4.1/bin/../lib/gcc/arm-none-eabi/5.4.1/../../../../arm-none-eabi/lib/armv7-m\libg_nano.a(lib_a-errno.o)
 .debug_frame   0x000013ec       0x28 c:/program files (x86)/cypress/psoc creator/4.4/psoc creator/import/gnu/arm/5.4.1/bin/../lib/gcc/arm-none-eabi/5.4.1/../../../../arm-none-eabi/lib/armv7-m\libg_nano.a(lib_a-exit.o)
 .debug_frame   0x00001414       0x2c c:/program files (x86)/cypress/psoc creator/4.4/psoc creator/import/gnu/arm/5.4.1/bin/../lib/gcc/arm-none-eabi/5.4.1/../../../../arm-none-eabi/lib/armv7-m\libg_nano.a(lib_a-init.o)
 .debug_frame   0x00001440       0x28 c:/program files (x86)/cypress/psoc creator/4.4/psoc creator/import/gnu/arm/5.4.1/bin/../lib/gcc/arm-none-eabi/5.4.1/../../../../arm-none-eabi/lib/armv7-m\libg_nano.a(lib_a-memcpy-stub.o)
 .debug_frame   0x00001468       0x20 c:/program files (x86)/cypress/psoc creator/4.4/psoc creator/import/gnu/arm/5.4.1/bin/../lib/gcc/arm-none-eabi/5.4.1/../../../../arm-none-eabi/lib/armv7-m\libg_nano.a(lib_a-memset.o)
 .debug_frame   0x00001488       0x8c c:/program files (x86)/cypress/psoc creator/4.4/psoc creator/import/gnu/arm/5.4.1/bin/../lib/gcc/arm-none-eabi/5.4.1/../../../../arm-none-eabi/lib/armv7-m\libg_nano.a(lib_a-nano-vfprintf_float.o)
 .debug_frame   0x00001514       0x60 c:/program files (x86)/cypress/psoc creator/4.4/psoc creator/import/gnu/arm/5.4.1/bin/../lib/gcc/arm-none-eabi/5.4.1/../../../../arm-none-eabi/lib/armv7-m\libg_nano.a(lib_a-nano-vfprintf_i.o)
 .debug_frame   0x00001574       0x74 c:/program files (x86)/cypress/psoc creator/4.4/psoc creator/import/gnu/arm/5.4.1/bin/../lib/gcc/arm-none-eabi/5.4.1/../../../../arm-none-eabi/lib/armv7-m\libg_nano.a(lib_a-snprintf.o)
 .debug_frame   0x000015e8       0x6c c:/program files (x86)/cypress/psoc creator/4.4/psoc creator/import/gnu/arm/5.4.1/bin/../lib/gcc/arm-none-eabi/5.4.1/../../../../arm-none-eabi/lib/armv7-m\libg_nano.a(lib_a-dtoa.o)
 .debug_frame   0x00001654       0x98 c:/program files (x86)/cypress/psoc creator/4.4/psoc creator/import/gnu/arm/5.4.1/bin/../lib/gcc/arm-none-eabi/5.4.1/../../../../arm-none-eabi/lib/armv7-m\libg_nano.a(lib_a-locale.o)
 .debug_frame   0x000016ec       0x30 c:/program files (x86)/cypress/psoc creator/4.4/psoc creator/import/gnu/arm/5.4.1/bin/../lib/gcc/arm-none-eabi/5.4.1/../../../../arm-none-eabi/lib/armv7-m\libg_nano.a(lib_a-malloc.o)
 .debug_frame   0x0000171c       0x28 c:/program files (x86)/cypress/psoc creator/4.4/psoc creator/import/gnu/arm/5.4.1/bin/../lib/gcc/arm-none-eabi/5.4.1/../../../../arm-none-eabi/lib/armv7-m\libg_nano.a(lib_a-memchr-stub.o)
 .debug_frame   0x00001744      0x234 c:/program files (x86)/cypress/psoc creator/4.4/psoc creator/import/gnu/arm/5.4.1/bin/../lib/gcc/arm-none-eabi/5.4.1/../../../../arm-none-eabi/lib/armv7-m\libg_nano.a(lib_a-mprec.o)
 .debug_frame   0x00001978       0x2c c:/program files (x86)/cypress/psoc creator/4.4/psoc creator/import/gnu/arm/5.4.1/bin/../lib/gcc/arm-none-eabi/5.4.1/../../../../arm-none-eabi/lib/armv7-m\libg_nano.a(lib_a-nano-callocr.o)
 .debug_frame   0x000019a4       0x38 c:/program files (x86)/cypress/psoc creator/4.4/psoc creator/import/gnu/arm/5.4.1/bin/../lib/gcc/arm-none-eabi/5.4.1/../../../../arm-none-eabi/lib/armv7-m\libg_nano.a(lib_a-nano-freer.o)
 .debug_frame   0x000019dc       0x2c c:/program files (x86)/cypress/psoc creator/4.4/psoc creator/import/gnu/arm/5.4.1/bin/../lib/gcc/arm-none-eabi/5.4.1/../../../../arm-none-eabi/lib/armv7-m\libg_nano.a(lib_a-nano-mallocr.o)
 .debug_frame   0x00001a08       0x90 c:/program files (x86)/cypress/psoc creator/4.4/psoc creator/import/gnu/arm/5.4.1/bin/../lib/gcc/arm-none-eabi/5.4.1/../../../../arm-none-eabi/lib/armv7-m\libg_nano.a(lib_a-nano-svfprintf.o)
 .debug_frame   0x00001a98       0x2c c:/program files (x86)/cypress/psoc creator/4.4/psoc creator/import/gnu/arm/5.4.1/bin/../lib/gcc/arm-none-eabi/5.4.1/../../../../arm-none-eabi/lib/armv7-m\libg_nano.a(lib_a-sbrkr.o)
 .debug_frame   0x00001ac4       0x20 c:/program files (x86)/cypress/psoc creator/4.4/psoc creator/import/gnu/arm/5.4.1/bin/../lib/gcc/arm-none-eabi/5.4.1/../../../../arm-none-eabi/lib/armv7-m\libg_nano.a(lib_a-strcmp.o)
 .debug_frame   0x00001ae4       0x28 c:/program files (x86)/cypress/psoc creator/4.4/psoc creator/import/gnu/arm/5.4.1/bin/../lib/gcc/arm-none-eabi/5.4.1/../../../../arm-none-eabi/lib/armv7-m\libg_nano.a(lib_a-memmove.o)
 .debug_frame   0x00001b0c       0x30 c:/program files (x86)/cypress/psoc creator/4.4/psoc creator/import/gnu/arm/5.4.1/bin/../lib/gcc/arm-none-eabi/5.4.1/../../../../arm-none-eabi/lib/armv7-m\libg_nano.a(lib_a-mlock.o)
 .debug_frame   0x00001b3c       0x3c c:/program files (x86)/cypress/psoc creator/4.4/psoc creator/import/gnu/arm/5.4.1/bin/../lib/gcc/arm-none-eabi/5.4.1/../../../../arm-none-eabi/lib/armv7-m\libg_nano.a(lib_a-nano-reallocr.o)
 .debug_frame   0x00001b78       0x5c c:/program files (x86)/cypress/psoc creator/4.4/psoc creator/import/gnu/arm/5.4.1/bin/../lib/gcc/arm-none-eabi/5.4.1/../../../../arm-none-eabi/lib/armv7-m\libg_nano.a(lib_a-reent.o)
 .debug_frame   0x00001bd4       0x20 c:/program files (x86)/cypress/psoc creator/4.4/psoc creator/import/gnu/arm/5.4.1/bin/../lib/gcc/arm-none-eabi/5.4.1/../../../../arm-none-eabi/lib/armv7-m\libg_nano.a(lib_a-nano-msizer.o)

.debug_str      0x00000000     0x1d6f
 *(.debug_str)
 .debug_str     0x00000000      0x267 .\CortexM3\ARM_GCC_541\Debug\main.o
                                0x2be (size before relaxing)
 .debug_str     0x00000267      0x1bc .\CortexM3\ARM_GCC_541\Debug\cyfitter_cfg.o
                                0x36d (size before relaxing)
 .debug_str     0x00000423       0x75 .\CortexM3\ARM_GCC_541\Debug\cymetadata.o
                                0x20d (size before relaxing)
 .debug_str     0x00000498      0x1c8 .\CortexM3\ARM_GCC_541\Debug\Cm3Start.o
                                0x34c (size before relaxing)
 .debug_str     0x00000660      0x846 .\CortexM3\ARM_GCC_541\Debug\Communication Busses.a(CyLib.o)
                                0xa89 (size before relaxing)
 .debug_str     0x00000ea6      0x365 .\CortexM3\ARM_GCC_541\Debug\Communication Busses.a(cyPm.o)
                                0x775 (size before relaxing)
 .debug_str     0x0000120b      0x110 .\CortexM3\ARM_GCC_541\Debug\Communication Busses.a(I2C_LM75.o)
                                0x35f (size before relaxing)
 .debug_str     0x0000131b       0xa9 .\CortexM3\ARM_GCC_541\Debug\Communication Busses.a(I2C_LM75_INT.o)
                                0x2d8 (size before relaxing)
 .debug_str     0x000013c4       0x6f .\CortexM3\ARM_GCC_541\Debug\Communication Busses.a(I2C_LM75_PM.o)
                                0x2ec (size before relaxing)
 .debug_str     0x00001433      0x16d .\CortexM3\ARM_GCC_541\Debug\Communication Busses.a(I2C_LM75_MASTER.o)
                                0x459 (size before relaxing)
 .debug_str     0x000015a0      0x392 .\CortexM3\ARM_GCC_541\Debug\Communication Busses.a(UART_TERMINAL.o)
                                0x5ce (size before relaxing)
 .debug_str     0x00001932      0x1dd .\CortexM3\ARM_GCC_541\Debug\Communication Busses.a(UART_TERMINAL_IntClock.o)
                                0x3e4 (size before relaxing)
 .debug_str     0x00001b0f      0x1b4 .\CortexM3\ARM_GCC_541\Debug\Communication Busses.a(CyFlash.o)
                                0x402 (size before relaxing)
 .debug_str     0x00001cc3       0xac .\CortexM3\ARM_GCC_541\Debug\Communication Busses.a(CySpc.o)
                                0x37a (size before relaxing)

.debug_loc      0x00000000     0x2472
 *(.debug_loc)
 .debug_loc     0x00000000       0xd1 .\CortexM3\ARM_GCC_541\Debug\main.o
 .debug_loc     0x000000d1      0x289 .\CortexM3\ARM_GCC_541\Debug\cyfitter_cfg.o
 .debug_loc     0x0000035a      0x144 .\CortexM3\ARM_GCC_541\Debug\Cm3Start.o
 .debug_loc     0x0000049e      0xa11 .\CortexM3\ARM_GCC_541\Debug\Communication Busses.a(CyLib.o)
 .debug_loc     0x00000eaf      0x1e4 .\CortexM3\ARM_GCC_541\Debug\Communication Busses.a(cyPm.o)
 .debug_loc     0x00001093       0x39 .\CortexM3\ARM_GCC_541\Debug\Communication Busses.a(I2C_LM75.o)
 .debug_loc     0x000010cc       0x29 .\CortexM3\ARM_GCC_541\Debug\Communication Busses.a(I2C_LM75_INT.o)
 .debug_loc     0x000010f5       0x13 .\CortexM3\ARM_GCC_541\Debug\Communication Busses.a(I2C_LM75_PM.o)
 .debug_loc     0x00001108      0x52f .\CortexM3\ARM_GCC_541\Debug\Communication Busses.a(I2C_LM75_MASTER.o)
 .debug_loc     0x00001637      0x258 .\CortexM3\ARM_GCC_541\Debug\Communication Busses.a(UART_TERMINAL.o)
 .debug_loc     0x0000188f      0x12c .\CortexM3\ARM_GCC_541\Debug\Communication Busses.a(UART_TERMINAL_IntClock.o)
 .debug_loc     0x000019bb      0x3b2 .\CortexM3\ARM_GCC_541\Debug\Communication Busses.a(CyFlash.o)
 .debug_loc     0x00001d6d      0x705 .\CortexM3\ARM_GCC_541\Debug\Communication Busses.a(CySpc.o)

.debug_macinfo
 *(.debug_macinfo)

.debug_ranges   0x00000000      0x6a8
 *(.debug_ranges)
 .debug_ranges  0x00000000       0x18 .\CortexM3\ARM_GCC_541\Debug\main.o
 .debug_ranges  0x00000018       0x48 .\CortexM3\ARM_GCC_541\Debug\cyfitter_cfg.o
 .debug_ranges  0x00000060       0x38 .\CortexM3\ARM_GCC_541\Debug\Cm3Start.o
 .debug_ranges  0x00000098      0x290 .\CortexM3\ARM_GCC_541\Debug\Communication Busses.a(CyLib.o)
 .debug_ranges  0x00000328       0x88 .\CortexM3\ARM_GCC_541\Debug\Communication Busses.a(cyPm.o)
 .debug_ranges  0x000003b0       0x28 .\CortexM3\ARM_GCC_541\Debug\Communication Busses.a(I2C_LM75.o)
 .debug_ranges  0x000003d8       0x10 .\CortexM3\ARM_GCC_541\Debug\Communication Busses.a(I2C_LM75_INT.o)
 .debug_ranges  0x000003e8       0x28 .\CortexM3\ARM_GCC_541\Debug\Communication Busses.a(I2C_LM75_PM.o)
 .debug_ranges  0x00000410       0x70 .\CortexM3\ARM_GCC_541\Debug\Communication Busses.a(I2C_LM75_MASTER.o)
 .debug_ranges  0x00000480       0xe0 .\CortexM3\ARM_GCC_541\Debug\Communication Busses.a(UART_TERMINAL.o)
 .debug_ranges  0x00000560       0x60 .\CortexM3\ARM_GCC_541\Debug\Communication Busses.a(UART_TERMINAL_IntClock.o)
 .debug_ranges  0x000005c0       0x78 .\CortexM3\ARM_GCC_541\Debug\Communication Busses.a(CyFlash.o)
 .debug_ranges  0x00000638       0x70 .\CortexM3\ARM_GCC_541\Debug\Communication Busses.a(CySpc.o)

.comment        0x00000000       0x6e
 .comment       0x00000000       0x6e .\CortexM3\ARM_GCC_541\Debug\main.o
                                 0x6f (size before relaxing)
 .comment       0x0000006e       0x6f .\CortexM3\ARM_GCC_541\Debug\cyfitter_cfg.o
 .comment       0x0000006e       0x6f .\CortexM3\ARM_GCC_541\Debug\cymetadata.o
 .comment       0x0000006e       0x6f .\CortexM3\ARM_GCC_541\Debug\Cm3Start.o
 .comment       0x0000006e       0x6f .\CortexM3\ARM_GCC_541\Debug\Communication Busses.a(CyLib.o)
 .comment       0x0000006e       0x6f .\CortexM3\ARM_GCC_541\Debug\Communication Busses.a(cyPm.o)
 .comment       0x0000006e       0x6f .\CortexM3\ARM_GCC_541\Debug\Communication Busses.a(I2C_LM75.o)
 .comment       0x0000006e       0x6f .\CortexM3\ARM_GCC_541\Debug\Communication Busses.a(I2C_LM75_INT.o)
 .comment       0x0000006e       0x6f .\CortexM3\ARM_GCC_541\Debug\Communication Busses.a(I2C_LM75_PM.o)
 .comment       0x0000006e       0x6f .\CortexM3\ARM_GCC_541\Debug\Communication Busses.a(I2C_LM75_MASTER.o)
 .comment       0x0000006e       0x6f .\CortexM3\ARM_GCC_541\Debug\Communication Busses.a(UART_TERMINAL.o)
 .comment       0x0000006e       0x6f .\CortexM3\ARM_GCC_541\Debug\Communication Busses.a(UART_TERMINAL_IntClock.o)
 .comment       0x0000006e       0x6f .\CortexM3\ARM_GCC_541\Debug\Communication Busses.a(CyFlash.o)
 .comment       0x0000006e       0x6f .\CortexM3\ARM_GCC_541\Debug\Communication Busses.a(CySpc.o)

.debug_weaknames
 *(.debug_weaknames)

.debug_funcnames
 *(.debug_funcnames)

.debug_typenames
 *(.debug_typenames)

.debug_varnames
 *(.debug_varnames)

.note.gnu.arm.ident
 *(.note.gnu.arm.ident)

.ARM.attributes
                0x00000000       0x29
 *(.ARM.attributes)
 .ARM.attributes
                0x00000000       0x1d c:/program files (x86)/cypress/psoc creator/4.4/psoc creator/import/gnu/arm/5.4.1/bin/../lib/gcc/arm-none-eabi/5.4.1/armv7-m/crti.o
 .ARM.attributes
                0x0000001d       0x2d c:/program files (x86)/cypress/psoc creator/4.4/psoc creator/import/gnu/arm/5.4.1/bin/../lib/gcc/arm-none-eabi/5.4.1/armv7-m/crtbegin.o
 .ARM.attributes
                0x0000004a       0x1b c:/program files (x86)/cypress/psoc creator/4.4/psoc creator/import/gnu/arm/5.4.1/bin/../lib/gcc/arm-none-eabi/5.4.1/../../../../arm-none-eabi/lib/armv7-m/crt0.o
 .ARM.attributes
                0x00000065       0x33 .\CortexM3\ARM_GCC_541\Debug\main.o
 .ARM.attributes
                0x00000098       0x33 .\CortexM3\ARM_GCC_541\Debug\cyfitter_cfg.o
 .ARM.attributes
                0x000000cb       0x33 .\CortexM3\ARM_GCC_541\Debug\cymetadata.o
 .ARM.attributes
                0x000000fe       0x33 .\CortexM3\ARM_GCC_541\Debug\Cm3Start.o
 .ARM.attributes
                0x00000131       0x33 .\CortexM3\ARM_GCC_541\Debug\Communication Busses.a(CyLib.o)
 .ARM.attributes
                0x00000164       0x33 .\CortexM3\ARM_GCC_541\Debug\Communication Busses.a(cyPm.o)
 .ARM.attributes
                0x00000197       0x33 .\CortexM3\ARM_GCC_541\Debug\Communication Busses.a(I2C_LM75.o)
 .ARM.attributes
                0x000001ca       0x33 .\CortexM3\ARM_GCC_541\Debug\Communication Busses.a(I2C_LM75_INT.o)
 .ARM.attributes
                0x000001fd       0x33 .\CortexM3\ARM_GCC_541\Debug\Communication Busses.a(I2C_LM75_PM.o)
 .ARM.attributes
                0x00000230       0x33 .\CortexM3\ARM_GCC_541\Debug\Communication Busses.a(I2C_LM75_MASTER.o)
 .ARM.attributes
                0x00000263       0x33 .\CortexM3\ARM_GCC_541\Debug\Communication Busses.a(UART_TERMINAL.o)
 .ARM.attributes
                0x00000296       0x33 .\CortexM3\ARM_GCC_541\Debug\Communication Busses.a(UART_TERMINAL_IntClock.o)
 .ARM.attributes
                0x000002c9       0x21 .\CortexM3\ARM_GCC_541\Debug\Communication Busses.a(CyBootAsmGnu.o)
 .ARM.attributes
                0x000002ea       0x33 .\CortexM3\ARM_GCC_541\Debug\Communication Busses.a(CyFlash.o)
 .ARM.attributes
                0x0000031d       0x33 .\CortexM3\ARM_GCC_541\Debug\Communication Busses.a(CySpc.o)
 .ARM.attributes
                0x00000350       0x1d c:/program files (x86)/cypress/psoc creator/4.4/psoc creator/import/gnu/arm/5.4.1/bin/../lib/gcc/arm-none-eabi/5.4.1/armv7-m\libgcc.a(_arm_addsubdf3.o)
 .ARM.attributes
                0x0000036d       0x1d c:/program files (x86)/cypress/psoc creator/4.4/psoc creator/import/gnu/arm/5.4.1/bin/../lib/gcc/arm-none-eabi/5.4.1/armv7-m\libgcc.a(_arm_addsubsf3.o)
 .ARM.attributes
                0x0000038a       0x2d c:/program files (x86)/cypress/psoc creator/4.4/psoc creator/import/gnu/arm/5.4.1/bin/../lib/gcc/arm-none-eabi/5.4.1/../../../../arm-none-eabi/lib/armv7-m\libg_nano.a(lib_a-errno.o)
 .ARM.attributes
                0x000003b7       0x2d c:/program files (x86)/cypress/psoc creator/4.4/psoc creator/import/gnu/arm/5.4.1/bin/../lib/gcc/arm-none-eabi/5.4.1/../../../../arm-none-eabi/lib/armv7-m\libg_nano.a(lib_a-exit.o)
 .ARM.attributes
                0x000003e4       0x2d c:/program files (x86)/cypress/psoc creator/4.4/psoc creator/import/gnu/arm/5.4.1/bin/../lib/gcc/arm-none-eabi/5.4.1/../../../../arm-none-eabi/lib/armv7-m\libg_nano.a(lib_a-impure.o)
 .ARM.attributes
                0x00000411       0x2d c:/program files (x86)/cypress/psoc creator/4.4/psoc creator/import/gnu/arm/5.4.1/bin/../lib/gcc/arm-none-eabi/5.4.1/../../../../arm-none-eabi/lib/armv7-m\libg_nano.a(lib_a-init.o)
 .ARM.attributes
                0x0000043e       0x2d c:/program files (x86)/cypress/psoc creator/4.4/psoc creator/import/gnu/arm/5.4.1/bin/../lib/gcc/arm-none-eabi/5.4.1/../../../../arm-none-eabi/lib/armv7-m\libg_nano.a(lib_a-memcpy-stub.o)
 .ARM.attributes
                0x0000046b       0x2d c:/program files (x86)/cypress/psoc creator/4.4/psoc creator/import/gnu/arm/5.4.1/bin/../lib/gcc/arm-none-eabi/5.4.1/../../../../arm-none-eabi/lib/armv7-m\libg_nano.a(lib_a-memset.o)
 .ARM.attributes
                0x00000498       0x2d c:/program files (x86)/cypress/psoc creator/4.4/psoc creator/import/gnu/arm/5.4.1/bin/../lib/gcc/arm-none-eabi/5.4.1/../../../../arm-none-eabi/lib/armv7-m\libg_nano.a(lib_a-nano-vfprintf_float.o)
 .ARM.attributes
                0x000004c5       0x2d c:/program files (x86)/cypress/psoc creator/4.4/psoc creator/import/gnu/arm/5.4.1/bin/../lib/gcc/arm-none-eabi/5.4.1/../../../../arm-none-eabi/lib/armv7-m\libg_nano.a(lib_a-nano-vfprintf_i.o)
 .ARM.attributes
                0x000004f2       0x2d c:/program files (x86)/cypress/psoc creator/4.4/psoc creator/import/gnu/arm/5.4.1/bin/../lib/gcc/arm-none-eabi/5.4.1/../../../../arm-none-eabi/lib/armv7-m\libg_nano.a(lib_a-snprintf.o)
 .ARM.attributes
                0x0000051f       0x17 c:/program files (x86)/cypress/psoc creator/4.4/psoc creator/import/gnu/arm/5.4.1/bin/../lib/gcc/arm-none-eabi/5.4.1/../../../../arm-none-eabi/lib/armv7-m\libg_nano.a(lib_a-strlen.o)
 .ARM.attributes
                0x00000536       0x2d c:/program files (x86)/cypress/psoc creator/4.4/psoc creator/import/gnu/arm/5.4.1/bin/../lib/gcc/arm-none-eabi/5.4.1/../../../../arm-none-eabi/lib/armv7-m\libg_nano.a(lib_a-dtoa.o)
 .ARM.attributes
                0x00000563       0x2d c:/program files (x86)/cypress/psoc creator/4.4/psoc creator/import/gnu/arm/5.4.1/bin/../lib/gcc/arm-none-eabi/5.4.1/../../../../arm-none-eabi/lib/armv7-m\libg_nano.a(lib_a-locale.o)
 .ARM.attributes
                0x00000590       0x2d c:/program files (x86)/cypress/psoc creator/4.4/psoc creator/import/gnu/arm/5.4.1/bin/../lib/gcc/arm-none-eabi/5.4.1/../../../../arm-none-eabi/lib/armv7-m\libg_nano.a(lib_a-malloc.o)
 .ARM.attributes
                0x000005bd       0x2d c:/program files (x86)/cypress/psoc creator/4.4/psoc creator/import/gnu/arm/5.4.1/bin/../lib/gcc/arm-none-eabi/5.4.1/../../../../arm-none-eabi/lib/armv7-m\libg_nano.a(lib_a-memchr-stub.o)
 .ARM.attributes
                0x000005ea       0x2d c:/program files (x86)/cypress/psoc creator/4.4/psoc creator/import/gnu/arm/5.4.1/bin/../lib/gcc/arm-none-eabi/5.4.1/../../../../arm-none-eabi/lib/armv7-m\libg_nano.a(lib_a-mprec.o)
 .ARM.attributes
                0x00000617       0x2d c:/program files (x86)/cypress/psoc creator/4.4/psoc creator/import/gnu/arm/5.4.1/bin/../lib/gcc/arm-none-eabi/5.4.1/../../../../arm-none-eabi/lib/armv7-m\libg_nano.a(lib_a-nano-callocr.o)
 .ARM.attributes
                0x00000644       0x2d c:/program files (x86)/cypress/psoc creator/4.4/psoc creator/import/gnu/arm/5.4.1/bin/../lib/gcc/arm-none-eabi/5.4.1/../../../../arm-none-eabi/lib/armv7-m\libg_nano.a(lib_a-nano-freer.o)
 .ARM.attributes
                0x00000671       0x2d c:/program files (x86)/cypress/psoc creator/4.4/psoc creator/import/gnu/arm/5.4.1/bin/../lib/gcc/arm-none-eabi/5.4.1/../../../../arm-none-eabi/lib/armv7-m\libg_nano.a(lib_a-nano-mallocr.o)
 .ARM.attributes
                0x0000069e       0x2d c:/program files (x86)/cypress/psoc creator/4.4/psoc creator/import/gnu/arm/5.4.1/bin/../lib/gcc/arm-none-eabi/5.4.1/../../../../arm-none-eabi/lib/armv7-m\libg_nano.a(lib_a-nano-svfprintf.o)
 .ARM.attributes
                0x000006cb       0x2d c:/program files (x86)/cypress/psoc creator/4.4/psoc creator/import/gnu/arm/5.4.1/bin/../lib/gcc/arm-none-eabi/5.4.1/../../../../arm-none-eabi/lib/armv7-m\libg_nano.a(lib_a-sbrkr.o)
 .ARM.attributes
                0x000006f8       0x1b c:/program files (x86)/cypress/psoc creator/4.4/psoc creator/import/gnu/arm/5.4.1/bin/../lib/gcc/arm-none-eabi/5.4.1/../../../../arm-none-eabi/lib/armv7-m\libg_nano.a(lib_a-strcmp.o)
 .ARM.attributes
                0x00000713       0x2d c:/program files (x86)/cypress/psoc creator/4.4/psoc creator/import/gnu/arm/5.4.1/bin/../lib/gcc/arm-none-eabi/5.4.1/../../../../arm-none-eabi/lib/armv7-m\libg_nano.a(lib_a-memmove.o)
 .ARM.attributes
                0x00000740       0x2d c:/program files (x86)/cypress/psoc creator/4.4/psoc creator/import/gnu/arm/5.4.1/bin/../lib/gcc/arm-none-eabi/5.4.1/../../../../arm-none-eabi/lib/armv7-m\libg_nano.a(lib_a-mlock.o)
 .ARM.attributes
                0x0000076d       0x2d c:/program files (x86)/cypress/psoc creator/4.4/psoc creator/import/gnu/arm/5.4.1/bin/../lib/gcc/arm-none-eabi/5.4.1/../../../../arm-none-eabi/lib/armv7-m\libg_nano.a(lib_a-nano-reallocr.o)
 .ARM.attributes
                0x0000079a       0x2d c:/program files (x86)/cypress/psoc creator/4.4/psoc creator/import/gnu/arm/5.4.1/bin/../lib/gcc/arm-none-eabi/5.4.1/../../../../arm-none-eabi/lib/armv7-m\libg_nano.a(lib_a-reent.o)
 .ARM.attributes
                0x000007c7       0x2d c:/program files (x86)/cypress/psoc creator/4.4/psoc creator/import/gnu/arm/5.4.1/bin/../lib/gcc/arm-none-eabi/5.4.1/../../../../arm-none-eabi/lib/armv7-m\libg_nano.a(lib_a-nano-msizer.o)
 .ARM.attributes
                0x000007f4       0x1d c:/program files (x86)/cypress/psoc creator/4.4/psoc creator/import/gnu/arm/5.4.1/bin/../lib/gcc/arm-none-eabi/5.4.1/armv7-m\libgcc.a(_arm_muldivdf3.o)
 .ARM.attributes
                0x00000811       0x1d c:/program files (x86)/cypress/psoc creator/4.4/psoc creator/import/gnu/arm/5.4.1/bin/../lib/gcc/arm-none-eabi/5.4.1/armv7-m\libgcc.a(_arm_cmpdf2.o)
 .ARM.attributes
                0x0000082e       0x1d c:/program files (x86)/cypress/psoc creator/4.4/psoc creator/import/gnu/arm/5.4.1/bin/../lib/gcc/arm-none-eabi/5.4.1/armv7-m\libgcc.a(_arm_unorddf2.o)
 .ARM.attributes
                0x0000084b       0x1d c:/program files (x86)/cypress/psoc creator/4.4/psoc creator/import/gnu/arm/5.4.1/bin/../lib/gcc/arm-none-eabi/5.4.1/armv7-m\libgcc.a(_arm_fixdfsi.o)
 .ARM.attributes
                0x00000868       0x2d c:/program files (x86)/cypress/psoc creator/4.4/psoc creator/import/gnu/arm/5.4.1/bin/../lib/gcc/arm-none-eabi/5.4.1/armv7-m/crtend.o
 .ARM.attributes
                0x00000895       0x1d c:/program files (x86)/cypress/psoc creator/4.4/psoc creator/import/gnu/arm/5.4.1/bin/../lib/gcc/arm-none-eabi/5.4.1/armv7-m/crtn.o

/DISCARD/
 *(.note.GNU-stack)
OUTPUT(C:\Users\hresk\OneDrive\Dokumenter\GitHub\SemesterProjekt2\Arduino\Arduino Temp\Communication Busses.cydsn\CortexM3\ARM_GCC_541\Debug\Communication Busses.elf elf32-littlearm)
