Archive member included to satisfy reference by file (symbol)

.\CortexM3\ARM_GCC_541\Debug\Communication Busses.a(CyLib.o)
                              .\CortexM3\ARM_GCC_541\Debug\Cm3Start.o (CyHalt)
.\CortexM3\ARM_GCC_541\Debug\Communication Busses.a(cyPm.o)
                              .\CortexM3\ARM_GCC_541\Debug\Communication Busses.a(CyLib.o) (CyPmReadStatus)
.\CortexM3\ARM_GCC_541\Debug\Communication Busses.a(I2C_LM75.o)
                              .\CortexM3\ARM_GCC_541\Debug\main.o (I2C_LM75_Start)
.\CortexM3\ARM_GCC_541\Debug\Communication Busses.a(I2C_LM75_INT.o)
                              .\CortexM3\ARM_GCC_541\Debug\Communication Busses.a(I2C_LM75.o) (I2C_LM75_ISR)
.\CortexM3\ARM_GCC_541\Debug\Communication Busses.a(I2C_LM75_PM.o)
                              .\CortexM3\ARM_GCC_541\Debug\Communication Busses.a(I2C_LM75.o) (I2C_LM75_backup)
.\CortexM3\ARM_GCC_541\Debug\Communication Busses.a(I2C_LM75_MASTER.o)
                              .\CortexM3\ARM_GCC_541\Debug\Communication Busses.a(I2C_LM75.o) (I2C_LM75_mstrStatus)
.\CortexM3\ARM_GCC_541\Debug\Communication Busses.a(UART_TERMINAL.o)
                              .\CortexM3\ARM_GCC_541\Debug\main.o (UART_TERMINAL_Start)
.\CortexM3\ARM_GCC_541\Debug\Communication Busses.a(UART_TERMINAL_IntClock.o)
                              .\CortexM3\ARM_GCC_541\Debug\Communication Busses.a(UART_TERMINAL.o) (UART_TERMINAL_IntClock_Start)
.\CortexM3\ARM_GCC_541\Debug\Communication Busses.a(CyBootAsmGnu.o)
                              .\CortexM3\ARM_GCC_541\Debug\cyfitter_cfg.o (CyDelayCycles)
.\CortexM3\ARM_GCC_541\Debug\Communication Busses.a(CyFlash.o)
                              .\CortexM3\ARM_GCC_541\Debug\Communication Busses.a(cyPm.o) (CyFlash_SetWaitCycles)
.\CortexM3\ARM_GCC_541\Debug\Communication Busses.a(CySpc.o)
                              .\CortexM3\ARM_GCC_541\Debug\Communication Busses.a(CyFlash.o) (CySpcStart)
c:/program files (x86)/cypress/psoc creator/4.4/psoc creator/import/gnu/arm/5.4.1/bin/../lib/gcc/arm-none-eabi/5.4.1/armv7-m\libgcc.a(_arm_addsubsf3.o)
                              .\CortexM3\ARM_GCC_541\Debug\main.o (__aeabi_fsub)
c:/program files (x86)/cypress/psoc creator/4.4/psoc creator/import/gnu/arm/5.4.1/bin/../lib/gcc/arm-none-eabi/5.4.1/armv7-m\libgcc.a(_arm_cmpsf2.o)
                              .\CortexM3\ARM_GCC_541\Debug\main.o (__aeabi_fcmpeq)
c:/program files (x86)/cypress/psoc creator/4.4/psoc creator/import/gnu/arm/5.4.1/bin/../lib/gcc/arm-none-eabi/5.4.1/armv7-m\libgcc.a(_arm_fixunssfsi.o)
                              .\CortexM3\ARM_GCC_541\Debug\main.o (__aeabi_f2uiz)
c:/program files (x86)/cypress/psoc creator/4.4/psoc creator/import/gnu/arm/5.4.1/bin/../lib/gcc/arm-none-eabi/5.4.1/../../../../arm-none-eabi/lib/armv7-m\libg_nano.a(lib_a-errno.o)
                              .\CortexM3\ARM_GCC_541\Debug\Cm3Start.o (__errno)
c:/program files (x86)/cypress/psoc creator/4.4/psoc creator/import/gnu/arm/5.4.1/bin/../lib/gcc/arm-none-eabi/5.4.1/../../../../arm-none-eabi/lib/armv7-m\libg_nano.a(lib_a-exit.o)
                              c:/program files (x86)/cypress/psoc creator/4.4/psoc creator/import/gnu/arm/5.4.1/bin/../lib/gcc/arm-none-eabi/5.4.1/../../../../arm-none-eabi/lib/armv7-m/crt0.o (exit)
c:/program files (x86)/cypress/psoc creator/4.4/psoc creator/import/gnu/arm/5.4.1/bin/../lib/gcc/arm-none-eabi/5.4.1/../../../../arm-none-eabi/lib/armv7-m\libg_nano.a(lib_a-impure.o)
                              c:/program files (x86)/cypress/psoc creator/4.4/psoc creator/import/gnu/arm/5.4.1/bin/../lib/gcc/arm-none-eabi/5.4.1/../../../../arm-none-eabi/lib/armv7-m\libg_nano.a(lib_a-exit.o) (_global_impure_ptr)
c:/program files (x86)/cypress/psoc creator/4.4/psoc creator/import/gnu/arm/5.4.1/bin/../lib/gcc/arm-none-eabi/5.4.1/../../../../arm-none-eabi/lib/armv7-m\libg_nano.a(lib_a-init.o)
                              c:/program files (x86)/cypress/psoc creator/4.4/psoc creator/import/gnu/arm/5.4.1/bin/../lib/gcc/arm-none-eabi/5.4.1/../../../../arm-none-eabi/lib/armv7-m/crt0.o (__libc_init_array)
c:/program files (x86)/cypress/psoc creator/4.4/psoc creator/import/gnu/arm/5.4.1/bin/../lib/gcc/arm-none-eabi/5.4.1/../../../../arm-none-eabi/lib/armv7-m\libg_nano.a(lib_a-memcpy-stub.o)
                              .\CortexM3\ARM_GCC_541\Debug\cyfitter_cfg.o (memcpy)
c:/program files (x86)/cypress/psoc creator/4.4/psoc creator/import/gnu/arm/5.4.1/bin/../lib/gcc/arm-none-eabi/5.4.1/../../../../arm-none-eabi/lib/armv7-m\libg_nano.a(lib_a-memset.o)
                              c:/program files (x86)/cypress/psoc creator/4.4/psoc creator/import/gnu/arm/5.4.1/bin/../lib/gcc/arm-none-eabi/5.4.1/../../../../arm-none-eabi/lib/armv7-m/crt0.o (memset)
c:/program files (x86)/cypress/psoc creator/4.4/psoc creator/import/gnu/arm/5.4.1/bin/../lib/gcc/arm-none-eabi/5.4.1/../../../../arm-none-eabi/lib/armv7-m\libg_nano.a(lib_a-nano-vfprintf_float.o)
                              (_printf_float)
[...]
Memory Configuration

Name             Origin             Length             Attributes
rom              0x00000000         0x00040000         xr
ram              0x1fff8000         0x00010000         xrw
*default*        0x00000000         0xffffffff

Linker script and memory map

LOAD c:/program files (x86)/cypress/psoc creator/4.4/psoc creator/import/gnu/arm/5.4.1/bin/../lib/gcc/arm-none-eabi/5.4.1/armv7-m/crti.o
LOAD c:/program files (x86)/cypress/psoc creator/4.4/psoc creator/import/gnu/arm/5.4.1/bin/../lib/gcc/arm-none-eabi/5.4.1/armv7-m/crtbegin.o
LOAD c:/program files (x86)/cypress/psoc creator/4.4/psoc creator/import/gnu/arm/5.4.1/bin/../lib/gcc/arm-none-eabi/5.4.1/../../../../arm-none-eabi/lib/armv7-m/crt0.o
START GROUP
LOAD .\CortexM3\ARM_GCC_541\Debug\main.o
LOAD .\CortexM3\ARM_GCC_541\Debug\cyfitter_cfg.o
LOAD .\CortexM3\ARM_GCC_541\Debug\cymetadata.o
LOAD .\CortexM3\ARM_GCC_541\Debug\Cm3Start.o
LOAD .\CortexM3\ARM_GCC_541\Debug\Communication Busses.a
LOAD C:\Program Files (x86)\Cypress\PSoC Creator\4.4\PSoC Creator\psoc\content\cycomponentlibrary\CyComponentLibrary.cylib\CortexM3\ARM_GCC_541\Debug\CyComponentLibrary.a
LOAD c:/program files (x86)/cypress/psoc creator/4.4/psoc creator/import/gnu/arm/5.4.1/bin/../lib/gcc/arm-none-eabi/5.4.1/../../../../arm-none-eabi/lib/armv7-m\libm.a
END GROUP
START GROUP
LOAD c:/program files (x86)/cypress/psoc creator/4.4/psoc creator/import/gnu/arm/5.4.1/bin/../lib/gcc/arm-none-eabi/5.4.1/armv7-m\libgcc.a
LOAD c:/program files (x86)/cypress/psoc creator/4.4/psoc creator/import/gnu/arm/5.4.1/bin/../lib/gcc/arm-none-eabi/5.4.1/../../../../arm-none-eabi/lib/armv7-m\libg_nano.a
LOAD c:/program files (x86)/cypress/psoc creator/4.4/psoc creator/import/gnu/arm/5.4.1/bin/../lib/gcc/arm-none-eabi/5.4.1/../../../../arm-none-eabi/lib/armv7-m\libc_nano.a
END GROUP
START GROUP
LOAD c:/program files (x86)/cypress/psoc creator/4.4/psoc creator/import/gnu/arm/5.4.1/bin/../lib/gcc/arm-none-eabi/5.4.1/armv7-m\libgcc.a
LOAD c:/program files (x86)/cypress/psoc creator/4.4/psoc creator/import/gnu/arm/5.4.1/bin/../lib/gcc/arm-none-eabi/5.4.1/../../../../arm-none-eabi/lib/armv7-m\libc_nano.a
END GROUP
LOAD c:/program files (x86)/cypress/psoc creator/4.4/psoc creator/import/gnu/arm/5.4.1/bin/../lib/gcc/arm-none-eabi/5.4.1/armv7-m/crtend.o
LOAD c:/program files (x86)/cypress/psoc creator/4.4/psoc creator/import/gnu/arm/5.4.1/bin/../lib/gcc/arm-none-eabi/5.4.1/armv7-m/crtn.o
START GROUP
LOAD c:/program files (x86)/cypress/psoc creator/4.4/psoc creator/import/gnu/arm/5.4.1/bin/../lib/gcc/arm-none-eabi/5.4.1/armv7-m\libgcc.a
LOAD c:/program files (x86)/cypress/psoc creator/4.4/psoc creator/import/gnu/arm/5.4.1/bin/../lib/gcc/arm-none-eabi/5.4.1/../../../../arm-none-eabi/lib/armv7-m\libc.a
LOAD c:/program files (x86)/cypress/psoc creator/4.4/psoc creator/import/gnu/arm/5.4.1/bin/../lib/gcc/arm-none-eabi/5.4.1/../../../../arm-none-eabi/lib/armv7-m\libnosys.a
END GROUP
                0x00000000                CY_APPL_ORIGIN = 0x0
                0x00000100                CY_FLASH_ROW_SIZE = 0x100
                0x00000020                CY_ECC_ROW_SIZE = 0x20
                0x00000000                CY_EE_IN_BTLDR = 0x0
                0x00000000                CY_APPL_LOADABLE = 0x0
                0x00000800                CY_EE_SIZE = 0x800
                0x00000001                CY_APPL_NUM = 0x1
                0x00000001                CY_APPL_MAX = 0x1
                0x00000040                CY_METADATA_SIZE = 0x40
                0x00000000                CY_APPL_LOADABLE = 0x0
                0x00000000                CY_CHECKSUM_EXCLUDE_SIZE = ALIGN (0x0, CY_FLASH_ROW_SIZE)
                [!provide]                PROVIDE (__cy_heap_start, _end)
                0x00000001                PROVIDE (__cy_region_num, ((__cy_regions_end - __cy_regions) / 0x10))
                0x20008000                PROVIDE (__cy_stack, (ORIGIN (ram) + LENGTH (ram)))
                [!provide]                PROVIDE (__cy_heap_end, (__cy_stack - 0x800))

.cybootloader   0x00000000        0x0
 *(.cybootloader)
                0x00000000                appl1_start = CY_APPL_ORIGIN?CY_APPL_ORIGIN:ALIGN (CY_FLASH_ROW_SIZE)
                0x0001ff00                appl2_start = (appl1_start + ALIGN ((((LENGTH (rom) - appl1_start) - (0x2 * CY_FLASH_ROW_SIZE)) / 0x2), CY_FLASH_ROW_SIZE))
                0x00000000                appl_start = (CY_APPL_NUM == 0x1)?appl1_start:appl2_start
                0x00000000                ecc_offset = ((appl_start / CY_FLASH_ROW_SIZE) * CY_ECC_ROW_SIZE)
                0x00000000                ee_offset = (CY_APPL_LOADABLE && ! (CY_EE_IN_BTLDR))?((CY_EE_SIZE / CY_APPL_MAX) * (CY_APPL_NUM - 0x1)):0x0
                0x00000800                ee_size = (CY_APPL_LOADABLE && ! (CY_EE_IN_BTLDR))?(CY_EE_SIZE / CY_APPL_MAX):CY_EE_SIZE
                [!provide]                PROVIDE (CY_ECC_OFFSET, ecc_offset)

.text           0x00000000     0x30c0
 CREATE_OBJECT_SYMBOLS
                0x00000000                PROVIDE (__cy_interrupt_vector, RomVectors)
 *(.romvectors)
 .romvectors    0x00000000       0x10 .\CortexM3\ARM_GCC_541\Debug\Cm3Start.o
                0x00000000                RomVectors
                0x00000001                ASSERT ((. != __cy_interrupt_vector), No interrupt vector)
                0x00000001                ASSERT (CY_APPL_ORIGIN?(SIZEOF (.cybootloader) <= CY_APPL_ORIGIN):0x1, Wrong image location)
                0x00000010                PROVIDE (__cy_reset, Reset)
 *(.text.Reset)
 .text.Reset    0x00000010       0x18 .\CortexM3\ARM_GCC_541\Debug\Cm3Start.o
                0x00000010                Reset
                0x00000001                ASSERT ((. != __cy_reset), No reset code)
 *(.dma_init)
                0x00000001                ASSERT ((((appl_start + .) <= 0x10000) || 0x1), DMA Init must be within the first 64k of flash)
 *(.text .text.* .gnu.linkonce.t.*)
 .text          0x00000028       0x5c c:/program files (x86)/cypress/psoc creator/4.4/psoc creator/import/gnu/arm/5.4.1/bin/../lib/gcc/arm-none-eabi/5.4.1/armv7-m/crtbegin.o
 .text.fetchData
                0x00000084       0x48 .\CortexM3\ARM_GCC_541\Debug\main.o
                0x00000084                fetchData
 .text.main     0x000000cc       0x50 .\CortexM3\ARM_GCC_541\Debug\main.o
                0x000000cc                main
 .text.CyClockStartupError
                0x0000011c        0x4 .\CortexM3\ARM_GCC_541\Debug\cyfitter_cfg.o
 .text.cfg_write_bytes32
                0x00000120       0x34 .\CortexM3\ARM_GCC_541\Debug\cyfitter_cfg.o
 .text.AnalogSetDefault
                0x00000154       0x28 .\CortexM3\ARM_GCC_541\Debug\cyfitter_cfg.o
 .text.CYMEMZERO
                0x0000017c        0xc .\CortexM3\ARM_GCC_541\Debug\cyfitter_cfg.o
 .text.ClockSetup
                0x00000188       0xb8 .\CortexM3\ARM_GCC_541\Debug\cyfitter_cfg.o
 .text.CYCONFIGCPY
                0x00000240        0x8 .\CortexM3\ARM_GCC_541\Debug\cyfitter_cfg.o
 .text.cyfitter_cfg
                0x00000248      0x100 .\CortexM3\ARM_GCC_541\Debug\cyfitter_cfg.o
                0x00000248                cyfitter_cfg
 .text.IntDefaultHandler
                0x00000348       0x10 .\CortexM3\ARM_GCC_541\Debug\Cm3Start.o
                0x00000348                IntDefaultHandler
 .text._sbrk    0x00000358       0x30 .\CortexM3\ARM_GCC_541\Debug\Cm3Start.o
                0x00000358                _sbrk
 .text.Start_c  0x00000388       0x4c .\CortexM3\ARM_GCC_541\Debug\Cm3Start.o
                0x00000388                Start_c
 .text.initialize_psoc
                0x000003d4       0x68 .\CortexM3\ARM_GCC_541\Debug\Cm3Start.o
                0x000003d4                initialize_psoc
 .text.CyHalt   0x0000043c        0x4 .\CortexM3\ARM_GCC_541\Debug\Communication Busses.a(CyLib.o)
                0x0000043c                CyHalt
 .text.CyDelay  0x00000440       0x2c .\CortexM3\ARM_GCC_541\Debug\Communication Busses.a(CyLib.o)
                0x00000440                CyDelay
 .text.CyIntSetVector
                0x0000046c       0x28 .\CortexM3\ARM_GCC_541\Debug\Communication Busses.a(CyLib.o)
                0x0000046c                CyIntSetVector
 .text.CyIntSetPriority
                0x00000494       0x30 .\CortexM3\ARM_GCC_541\Debug\Communication Busses.a(CyLib.o)
                0x00000494                CyIntSetPriority
 .text.I2C_LM75_Init
                0x000004c4       0x68 .\CortexM3\ARM_GCC_541\Debug\Communication Busses.a(I2C_LM75.o)
                0x000004c4                I2C_LM75_Init
 .text.I2C_LM75_Enable
                0x0000052c       0x24 .\CortexM3\ARM_GCC_541\Debug\Communication Busses.a(I2C_LM75.o)
                0x0000052c                I2C_LM75_Enable
 .text.I2C_LM75_Start
                0x00000550       0x28 .\CortexM3\ARM_GCC_541\Debug\Communication Busses.a(I2C_LM75.o)
                0x00000550                I2C_LM75_Start
 .text.I2C_LM75_ISR
                0x00000578      0x2d0 .\CortexM3\ARM_GCC_541\Debug\Communication Busses.a(I2C_LM75_INT.o)
                0x00000578                I2C_LM75_ISR
 .text.I2C_LM75_MasterSendStart
                0x00000848       0x80 .\CortexM3\ARM_GCC_541\Debug\Communication Busses.a(I2C_LM75_MASTER.o)
                0x00000848                I2C_LM75_MasterSendStart
 .text.I2C_LM75_MasterSendStop
                0x000008c8       0x38 .\CortexM3\ARM_GCC_541\Debug\Communication Busses.a(I2C_LM75_MASTER.o)
                0x000008c8                I2C_LM75_MasterSendStop
 .text.I2C_LM75_MasterReadByte
                0x00000900       0x58 .\CortexM3\ARM_GCC_541\Debug\Communication Busses.a(I2C_LM75_MASTER.o)
                0x00000900                I2C_LM75_MasterReadByte
 .text.UART_TERMINAL_Init
                0x00000958       0x28 .\CortexM3\ARM_GCC_541\Debug\Communication Busses.a(UART_TERMINAL.o)
                0x00000958                UART_TERMINAL_Init
 .text.UART_TERMINAL_Enable
                0x00000980       0x38 .\CortexM3\ARM_GCC_541\Debug\Communication Busses.a(UART_TERMINAL.o)
                0x00000980                UART_TERMINAL_Enable
 .text.UART_TERMINAL_Start
                0x000009b8       0x1c .\CortexM3\ARM_GCC_541\Debug\Communication Busses.a(UART_TERMINAL.o)
                0x000009b8                UART_TERMINAL_Start
 .text.UART_TERMINAL_WriteTxData
                0x000009d4       0x14 .\CortexM3\ARM_GCC_541\Debug\Communication Busses.a(UART_TERMINAL.o)
                0x000009d4                UART_TERMINAL_WriteTxData
 .text.UART_TERMINAL_IntClock_Start
                0x000009e8       0x1c .\CortexM3\ARM_GCC_541\Debug\Communication Busses.a(UART_TERMINAL_IntClock.o)
                0x000009e8                UART_TERMINAL_IntClock_Start
 *fill*         0x00000a04        0x4 
 .text          0x00000a08       0x20 .\CortexM3\ARM_GCC_541\Debug\Communication Busses.a(CyBootAsmGnu.o)
                0x00000a08                CyDelayCycles
                0x00000a18                CyEnterCriticalSection
                0x00000a20                CyExitCriticalSection
 .text          0x00000a28      0x21c c:/program files (x86)/cypress/psoc creator/4.4/psoc creator/import/gnu/arm/5.4.1/bin/../lib/gcc/arm-none-eabi/5.4.1/armv7-m\libgcc.a(_arm_addsubsf3.o)
                0x00000a28                __aeabi_frsub
                0x00000a30                __subsf3
                0x00000a30                __aeabi_fsub
                0x00000a34                __aeabi_fadd
                0x00000a34                __addsf3
                0x00000b94                __aeabi_ui2f
                0x00000b94                __floatunsisf
                0x00000b9c                __aeabi_i2f
                0x00000b9c                __floatsisf
                0x00000bb8                __aeabi_ul2f
                0x00000bb8                __floatundisf
                0x00000bc8                __aeabi_l2f
                0x00000bc8                __floatdisf
 .text          0x00000c44       0xec c:/program files (x86)/cypress/psoc creator/4.4/psoc creator/import/gnu/arm/5.4.1/bin/../lib/gcc/arm-none-eabi/5.4.1/armv7-m\libgcc.a(_arm_cmpsf2.o)
                0x00000c44                __gesf2
                0x00000c44                __gtsf2
                0x00000c4c                __lesf2
                0x00000c4c                __ltsf2
                0x00000c54                __nesf2
                0x00000c54                __eqsf2
                0x00000c54                __cmpsf2
                0x00000cb4                __aeabi_cfrcmple
                0x00000cbc                __aeabi_cfcmpeq
                0x00000cbc                __aeabi_cfcmple
                0x00000ccc                __aeabi_fcmpeq
                0x00000ce0                __aeabi_fcmplt
                0x00000cf4                __aeabi_fcmple
                0x00000d08                __aeabi_fcmpge
                0x00000d1c                __aeabi_fcmpgt
 .text          0x00000d30       0x40 c:/program files (x86)/cypress/psoc creator/4.4/psoc creator/import/gnu/arm/5.4.1/bin/../lib/gcc/arm-none-eabi/5.4.1/armv7-m\libgcc.a(_arm_fixunssfsi.o)
                0x00000d30                __fixunssfsi
                0x00000d30                __aeabi_f2uiz
 .text.__errno  0x00000d70        0xc c:/program files (x86)/cypress/psoc creator/4.4/psoc creator/import/gnu/arm/5.4.1/bin/../lib/gcc/arm-none-eabi/5.4.1/../../../../arm-none-eabi/lib/armv7-m\libg_nano.a(lib_a-errno.o)
                0x00000d70                __errno
 .text.__libc_init_array
                0x00000d7c       0x4c c:/program files (x86)/cypress/psoc creator/4.4/psoc creator/import/gnu/arm/5.4.1/bin/../lib/gcc/arm-none-eabi/5.4.1/../../../../arm-none-eabi/lib/armv7-m\libg_nano.a(lib_a-init.o)
                0x00000d7c                __libc_init_array
 .text.memcpy   0x00000dc8       0x16 c:/program files (x86)/cypress/psoc creator/4.4/psoc creator/import/gnu/arm/5.4.1/bin/../lib/gcc/arm-none-eabi/5.4.1/../../../../arm-none-eabi/lib/armv7-m\libg_nano.a(lib_a-memcpy-stub.o)
                0x00000dc8                memcpy
 .text.memset   0x00000dde       0x10 c:/program files (x86)/cypress/psoc creator/4.4/psoc creator/import/gnu/arm/5.4.1/bin/../lib/gcc/arm-none-eabi/5.4.1/../../../../arm-none-eabi/lib/armv7-m\libg_nano.a(lib_a-memset.o)
                0x00000dde                memset
 .text.__cvt    0x00000dee       0xc0 c:/program files (x86)/cypress/psoc creator/4.4/psoc creator/import/gnu/arm/5.4.1/bin/../lib/gcc/arm-none-eabi/5.4.1/../../../../arm-none-eabi/lib/armv7-m\libg_nano.a(lib_a-nano-vfprintf_float.o)
                0x00000dee                __cvt
 .text.__exponent
                0x00000eae       0x62 c:/program files (x86)/cypress/psoc creator/4.4/psoc creator/import/gnu/arm/5.4.1/bin/../lib/gcc/arm-none-eabi/5.4.1/../../../../arm-none-eabi/lib/armv7-m\libg_nano.a(lib_a-nano-vfprintf_float.o)
                0x00000eae                __exponent
 .text._printf_float
                0x00000f10      0x488 c:/program files (x86)/cypress/psoc creator/4.4/psoc creator/import/gnu/arm/5.4.1/bin/../lib/gcc/arm-none-eabi/5.4.1/../../../../arm-none-eabi/lib/armv7-m\libg_nano.a(lib_a-nano-vfprintf_float.o)
                0x00000f10                _printf_float
 .text._printf_common
                0x00001398       0xec c:/program files (x86)/cypress/psoc creator/4.4/psoc creator/import/gnu/arm/5.4.1/bin/../lib/gcc/arm-none-eabi/5.4.1/../../../../arm-none-eabi/lib/armv7-m\libg_nano.a(lib_a-nano-vfprintf_i.o)
                0x00001398                _printf_common
 .text          0x00001484       0x10 c:/program files (x86)/cypress/psoc creator/4.4/psoc creator/import/gnu/arm/5.4.1/bin/../lib/gcc/arm-none-eabi/5.4.1/../../../../arm-none-eabi/lib/armv7-m\libg_nano.a(lib_a-strlen.o)
                0x00001484                strlen
 .text.quorem   0x00001494      0x116 c:/program files (x86)/cypress/psoc creator/4.4/psoc creator/import/gnu/arm/5.4.1/bin/../lib/gcc/arm-none-eabi/5.4.1/../../../../arm-none-eabi/lib/armv7-m\libg_nano.a(lib_a-dtoa.o)
 *fill*         0x000015aa        0x6 
 .text._dtoa_r  0x000015b0      0xb30 c:/program files (x86)/cypress/psoc creator/4.4/psoc creator/import/gnu/arm/5.4.1/bin/../lib/gcc/arm-none-eabi/5.4.1/../../../../arm-none-eabi/lib/armv7-m\libg_nano.a(lib_a-dtoa.o)
                0x000015b0                _dtoa_r
 .text._localeconv_r
                0x000020e0        0x8 c:/program files (x86)/cypress/psoc creator/4.4/psoc creator/import/gnu/arm/5.4.1/bin/../lib/gcc/arm-none-eabi/5.4.1/../../../../arm-none-eabi/lib/armv7-m\libg_nano.a(lib_a-locale.o)
                0x000020e0                _localeconv_r
 .text.malloc   0x000020e8       0x10 c:/program files (x86)/cypress/psoc creator/4.4/psoc creator/import/gnu/arm/5.4.1/bin/../lib/gcc/arm-none-eabi/5.4.1/../../../../arm-none-eabi/lib/armv7-m\libg_nano.a(lib_a-malloc.o)
                0x000020e8                malloc
 .text._Balloc  0x000020f8       0x6a c:/program files (x86)/cypress/psoc creator/4.4/psoc creator/import/gnu/arm/5.4.1/bin/../lib/gcc/arm-none-eabi/5.4.1/../../../../arm-none-eabi/lib/armv7-m\libg_nano.a(lib_a-mprec.o)
                0x000020f8                _Balloc
 .text._Bfree   0x00002162       0x2e c:/program files (x86)/cypress/psoc creator/4.4/psoc creator/import/gnu/arm/5.4.1/bin/../lib/gcc/arm-none-eabi/5.4.1/../../../../arm-none-eabi/lib/armv7-m\libg_nano.a(lib_a-mprec.o)
                0x00002162                _Bfree
 .text.__multadd
                0x00002190       0x76 c:/program files (x86)/cypress/psoc creator/4.4/psoc creator/import/gnu/arm/5.4.1/bin/../lib/gcc/arm-none-eabi/5.4.1/../../../../arm-none-eabi/lib/armv7-m\libg_nano.a(lib_a-mprec.o)
                0x00002190                __multadd
 .text.__hi0bits
                0x00002206       0x40 c:/program files (x86)/cypress/psoc creator/4.4/psoc creator/import/gnu/arm/5.4.1/bin/../lib/gcc/arm-none-eabi/5.4.1/../../../../arm-none-eabi/lib/armv7-m\libg_nano.a(lib_a-mprec.o)
                0x00002206                __hi0bits
 .text.__lo0bits
                0x00002246       0x5a c:/program files (x86)/cypress/psoc creator/4.4/psoc creator/import/gnu/arm/5.4.1/bin/../lib/gcc/arm-none-eabi/5.4.1/../../../../arm-none-eabi/lib/armv7-m\libg_nano.a(lib_a-mprec.o)
                0x00002246                __lo0bits
 .text.__i2b    0x000022a0       0x12 c:/program files (x86)/cypress/psoc creator/4.4/psoc creator/import/gnu/arm/5.4.1/bin/../lib/gcc/arm-none-eabi/5.4.1/../../../../arm-none-eabi/lib/armv7-m\libg_nano.a(lib_a-mprec.o)
                0x000022a0                __i2b
 .text.__multiply
                0x000022b2      0x120 c:/program files (x86)/cypress/psoc creator/4.4/psoc creator/import/gnu/arm/5.4.1/bin/../lib/gcc/arm-none-eabi/5.4.1/../../../../arm-none-eabi/lib/armv7-m\libg_nano.a(lib_a-mprec.o)
                0x000022b2                __multiply
 *fill*         0x000023d2        0x2 
 .text.__pow5mult
                0x000023d4       0x9c c:/program files (x86)/cypress/psoc creator/4.4/psoc creator/import/gnu/arm/5.4.1/bin/../lib/gcc/arm-none-eabi/5.4.1/../../../../arm-none-eabi/lib/armv7-m\libg_nano.a(lib_a-mprec.o)
                0x000023d4                __pow5mult
 .text.__lshift
                0x00002470       0xa2 c:/program files (x86)/cypress/psoc creator/4.4/psoc creator/import/gnu/arm/5.4.1/bin/../lib/gcc/arm-none-eabi/5.4.1/../../../../arm-none-eabi/lib/armv7-m\libg_nano.a(lib_a-mprec.o)
                0x00002470                __lshift
 .text.__mcmp   0x00002512       0x38 c:/program files (x86)/cypress/psoc creator/4.4/psoc creator/import/gnu/arm/5.4.1/bin/../lib/gcc/arm-none-eabi/5.4.1/../../../../arm-none-eabi/lib/armv7-m\libg_nano.a(lib_a-mprec.o)
                0x00002512                __mcmp
 .text.__mdiff  0x0000254a       0xbe c:/program files (x86)/cypress/psoc creator/4.4/psoc creator/import/gnu/arm/5.4.1/bin/../lib/gcc/arm-none-eabi/5.4.1/../../../../arm-none-eabi/lib/armv7-m\libg_nano.a(lib_a-mprec.o)
                0x0000254a                __mdiff
 .text.__d2b    0x00002608       0x9c c:/program files (x86)/cypress/psoc creator/4.4/psoc creator/import/gnu/arm/5.4.1/bin/../lib/gcc/arm-none-eabi/5.4.1/../../../../arm-none-eabi/lib/armv7-m\libg_nano.a(lib_a-mprec.o)
                0x00002608                __d2b
 .text._calloc_r
                0x000026a4       0x1c c:/program files (x86)/cypress/psoc creator/4.4/psoc creator/import/gnu/arm/5.4.1/bin/../lib/gcc/arm-none-eabi/5.4.1/../../../../arm-none-eabi/lib/armv7-m\libg_nano.a(lib_a-nano-callocr.o)
                0x000026a4                _calloc_r
 .text._malloc_r
                0x000026c0       0xbc c:/program files (x86)/cypress/psoc creator/4.4/psoc creator/import/gnu/arm/5.4.1/bin/../lib/gcc/arm-none-eabi/5.4.1/../../../../arm-none-eabi/lib/armv7-m\libg_nano.a(lib_a-nano-mallocr.o)
                0x000026c0                _malloc_r
 .text._sbrk_r  0x0000277c       0x20 c:/program files (x86)/cypress/psoc creator/4.4/psoc creator/import/gnu/arm/5.4.1/bin/../lib/gcc/arm-none-eabi/5.4.1/../../../../arm-none-eabi/lib/armv7-m\libg_nano.a(lib_a-sbrkr.o)
                0x0000277c                _sbrk_r
 .text.__malloc_lock
                0x0000279c        0x2 c:/program files (x86)/cypress/psoc creator/4.4/psoc creator/import/gnu/arm/5.4.1/bin/../lib/gcc/arm-none-eabi/5.4.1/../../../../arm-none-eabi/lib/armv7-m\libg_nano.a(lib_a-mlock.o)
                0x0000279c                __malloc_lock
 .text.__malloc_unlock
                0x0000279e        0x2 c:/program files (x86)/cypress/psoc creator/4.4/psoc creator/import/gnu/arm/5.4.1/bin/../lib/gcc/arm-none-eabi/5.4.1/../../../../arm-none-eabi/lib/armv7-m\libg_nano.a(lib_a-mlock.o)
                0x0000279e                __malloc_unlock
 .text          0x000027a0      0x370 c:/program files (x86)/cypress/psoc creator/4.4/psoc creator/import/gnu/arm/5.4.1/bin/../lib/gcc/arm-none-eabi/5.4.1/armv7-m\libgcc.a(_arm_addsubdf3.o)
                0x000027a0                __aeabi_drsub
                0x000027a8                __aeabi_dsub
                0x000027a8                __subdf3
                0x000027ac                __aeabi_dadd
                0x000027ac                __adddf3
                0x00002a24                __floatunsidf
                0x00002a24                __aeabi_ui2d
                0x00002a44                __floatsidf
                0x00002a44                __aeabi_i2d
                0x00002a68                __aeabi_f2d
                0x00002a68                __extendsfdf2
                0x00002aa4                __floatundidf
                0x00002aa4                __aeabi_ul2d
                0x00002ab4                __floatdidf
                0x00002ab4                __aeabi_l2d
 .text          0x00002b10      0x424 c:/program files (x86)/cypress/psoc creator/4.4/psoc creator/import/gnu/arm/5.4.1/bin/../lib/gcc/arm-none-eabi/5.4.1/armv7-m\libgcc.a(_arm_muldivdf3.o)
                0x00002b10                __aeabi_dmul
                0x00002b10                __muldf3
                0x00002d64                __divdf3
                0x00002d64                __aeabi_ddiv
 .text          0x00002f34      0x110 c:/program files (x86)/cypress/psoc creator/4.4/psoc creator/import/gnu/arm/5.4.1/bin/../lib/gcc/arm-none-eabi/5.4.1/armv7-m\libgcc.a(_arm_cmpdf2.o)
                0x00002f34                __gtdf2
                0x00002f34                __gedf2
                0x00002f3c                __ltdf2
                0x00002f3c                __ledf2
                0x00002f44                __nedf2
                0x00002f44                __eqdf2
                0x00002f44                __cmpdf2
                0x00002fc0                __aeabi_cdrcmple
                0x00002fd0                __aeabi_cdcmpeq
                0x00002fd0                __aeabi_cdcmple
                0x00002fe0                __aeabi_dcmpeq
                0x00002ff4                __aeabi_dcmplt
                0x00003008                __aeabi_dcmple
                0x0000301c                __aeabi_dcmpge
                0x00003030                __aeabi_dcmpgt
 .text          0x00003044       0x2c c:/program files (x86)/cypress/psoc creator/4.4/psoc creator/import/gnu/arm/5.4.1/bin/../lib/gcc/arm-none-eabi/5.4.1/armv7-m\libgcc.a(_arm_unorddf2.o)
                0x00003044                __unorddf2
                0x00003044                __aeabi_dcmpun
 .text          0x00003070       0x50 c:/program files (x86)/cypress/psoc creator/4.4/psoc creator/import/gnu/arm/5.4.1/bin/../lib/gcc/arm-none-eabi/5.4.1/armv7-m\libgcc.a(_arm_fixdfsi.o)
                0x00003070                __aeabi_d2iz
                0x00003070                __fixdfsi
 *(.plt)
 *(.gnu.warning)
 *(.glue_7t)
 .glue_7t       0x000030c0        0x0 linker stubs
 *(.glue_7)
 .glue_7        0x000030c0        0x0 linker stubs
 *(.vfp11_veneer)
 .vfp11_veneer  0x000030c0        0x0 linker stubs
 *(.bootloader)
 *(.ARM.extab* .gnu.linkonce.armextab.*)
 *(.gcc_except_table)

.v4_bx          0x000030c0        0x0
 .v4_bx         0x000030c0        0x0 linker stubs

.iplt           0x000030c0        0x0
 .iplt          0x000030c0        0x0 c:/program files (x86)/cypress/psoc creator/4.4/psoc creator/import/gnu/arm/5.4.1/bin/../lib/gcc/arm-none-eabi/5.4.1/armv7-m/crtbegin.o

.eh_frame_hdr
 *(.eh_frame_hdr)

.eh_frame       0x000030c0        0x4
 *(.eh_frame)
 .eh_frame      0x000030c0        0x0 c:/program files (x86)/cypress/psoc creator/4.4/psoc creator/import/gnu/arm/5.4.1/bin/../lib/gcc/arm-none-eabi/5.4.1/armv7-m/crtbegin.o
 .eh_frame      0x000030c0        0x4 c:/program files (x86)/cypress/psoc creator/4.4/psoc creator/import/gnu/arm/5.4.1/bin/../lib/gcc/arm-none-eabi/5.4.1/armv7-m/crtend.o
                [!provide]                PROVIDE (__exidx_start, .)

.ARM.exidx
 *(.ARM.exidx* .gnu.linkonce.armexidx.*)
                0x000030c4                __exidx_end = .

.rodata         0x000030c8      0x1b8
 *(.rodata .rodata.* .gnu.linkonce.r.*)
 .rodata        0x000030c8       0x50 .\CortexM3\ARM_GCC_541\Debug\cyfitter_cfg.o
 .rodata.str1.1
                0x00003118        0x2 c:/program files (x86)/cypress/psoc creator/4.4/psoc creator/import/gnu/arm/5.4.1/bin/../lib/gcc/arm-none-eabi/5.4.1/../../../../arm-none-eabi/lib/armv7-m\libg_nano.a(lib_a-impure.o)
 .rodata.str1.1
                0x0000311a       0x12 c:/program files (x86)/cypress/psoc creator/4.4/psoc creator/import/gnu/arm/5.4.1/bin/../lib/gcc/arm-none-eabi/5.4.1/../../../../arm-none-eabi/lib/armv7-m\libg_nano.a(lib_a-nano-vfprintf_float.o)
 .rodata.str1.1
                0x0000312c        0xd c:/program files (x86)/cypress/psoc creator/4.4/psoc creator/import/gnu/arm/5.4.1/bin/../lib/gcc/arm-none-eabi/5.4.1/../../../../arm-none-eabi/lib/armv7-m\libg_nano.a(lib_a-dtoa.o)
                                  0xf (size before relaxing)
 .rodata.str1.1
                0x00003139        0x8 c:/program files (x86)/cypress/psoc creator/4.4/psoc creator/import/gnu/arm/5.4.1/bin/../lib/gcc/arm-none-eabi/5.4.1/../../../../arm-none-eabi/lib/armv7-m\libg_nano.a(lib_a-locale.o)
                                  0xb (size before relaxing)
 *fill*         0x00003141        0x7 
 .rodata.__mprec_tens
                0x00003148       0xc8 c:/program files (x86)/cypress/psoc creator/4.4/psoc creator/import/gnu/arm/5.4.1/bin/../lib/gcc/arm-none-eabi/5.4.1/../../../../arm-none-eabi/lib/armv7-m\libg_nano.a(lib_a-mprec.o)
                0x00003148                __mprec_tens
 .rodata.p05.5408
                0x00003210        0xc c:/program files (x86)/cypress/psoc creator/4.4/psoc creator/import/gnu/arm/5.4.1/bin/../lib/gcc/arm-none-eabi/5.4.1/../../../../arm-none-eabi/lib/armv7-m\libg_nano.a(lib_a-mprec.o)
 *fill*         0x0000321c        0x4 
 .rodata.__mprec_bigtens
                0x00003220       0x28 c:/program files (x86)/cypress/psoc creator/4.4/psoc creator/import/gnu/arm/5.4.1/bin/../lib/gcc/arm-none-eabi/5.4.1/../../../../arm-none-eabi/lib/armv7-m\libg_nano.a(lib_a-mprec.o)
                0x00003220                __mprec_bigtens
                0x00003248                . = ALIGN (0x4)
 *(.init)
 .init          0x00003248        0x4 c:/program files (x86)/cypress/psoc creator/4.4/psoc creator/import/gnu/arm/5.4.1/bin/../lib/gcc/arm-none-eabi/5.4.1/armv7-m/crti.o
                0x00003248                _init
 .init          0x0000324c        0x8 c:/program files (x86)/cypress/psoc creator/4.4/psoc creator/import/gnu/arm/5.4.1/bin/../lib/gcc/arm-none-eabi/5.4.1/armv7-m/crtn.o
                0x00003254                . = ALIGN (0x4)
                0x00003254                __preinit_array_start = .
 *(.preinit_array)
                0x00003254                __preinit_array_end = .
                0x00003254                . = ALIGN (0x4)
                0x00003254                __init_array_start = .
 *(SORT(.init_array.*))
 *(.init_array)
 .init_array    0x00003254        0x4 c:/program files (x86)/cypress/psoc creator/4.4/psoc creator/import/gnu/arm/5.4.1/bin/../lib/gcc/arm-none-eabi/5.4.1/armv7-m/crtbegin.o
 .init_array    0x00003258        0x4 .\CortexM3\ARM_GCC_541\Debug\Cm3Start.o
                0x0000325c                __init_array_end = .
                0x0000325c                . = ALIGN (0x4)
 *(.fini)
 .fini          0x0000325c        0x4 c:/program files (x86)/cypress/psoc creator/4.4/psoc creator/import/gnu/arm/5.4.1/bin/../lib/gcc/arm-none-eabi/5.4.1/armv7-m/crti.o
                0x0000325c                _fini
 .fini          0x00003260        0x8 c:/program files (x86)/cypress/psoc creator/4.4/psoc creator/import/gnu/arm/5.4.1/bin/../lib/gcc/arm-none-eabi/5.4.1/armv7-m/crtn.o
                0x00003268                . = ALIGN (0x4)
                0x00003268                __fini_array_start = .
 *(.fini_array)
 .fini_array    0x00003268        0x4 c:/program files (x86)/cypress/psoc creator/4.4/psoc creator/import/gnu/arm/5.4.1/bin/../lib/gcc/arm-none-eabi/5.4.1/armv7-m/crtbegin.o
 *(SORT(.fini_array.*))
                0x0000326c                __fini_array_end = .
                0x0000326c                . = ALIGN (0x4)
 *crtbegin.o(.ctors)
 *(EXCLUDE_FILE(*crtend.o) .ctors)
 *(SORT(.ctors.*))
 *crtend.o(.ctors)
                0x0000326c                . = ALIGN (0x4)
 *crtbegin.o(.dtors)
 *(EXCLUDE_FILE(*crtend.o) .dtors)
 *(SORT(.dtors.*))
 *crtend.o(.dtors)
                0x0000326c                . = ALIGN (0x4)
                0x0000326c                __cy_regions = .
                0x0000326c        0x4 LONG 0x3280 __cy_region_init_ram
                0x00003270        0x4 LONG 0x1fff80c8 __cy_region_start_data
                0x00003274        0x4 LONG 0xb8 __cy_region_init_size_ram
                0x00003278        0x4 LONG 0x40 __cy_region_zero_size_ram
                0x0000327c                __cy_regions_end = .
                0x00003280                . = ALIGN (0x8)
 *fill*         0x0000327c        0x4 
                0x00003280                _etext = .

.cy_checksum_exclude
                0x00003280        0x0
 *(.cy_checksum_exclude)

.ramvectors     0x1fff8000       0xc0
                0x1fff8000                __cy_region_start_ram = .
 *(.ramvectors)
 .ramvectors    0x1fff8000       0xc0 .\CortexM3\ARM_GCC_541\Debug\Cm3Start.o
                0x1fff8000                CyRamVectors

.noinit         0x1fff80c0        0x1
 *(.noinit)
 .noinit        0x1fff80c0        0x1 .\CortexM3\ARM_GCC_541\Debug\Communication Busses.a(CyLib.o)
                0x1fff80c0                CyResetStatus

.data           0x1fff80c8       0xb8 load address 0x00003280
                0x1fff80c8                __cy_region_start_data = .
 *(.jcr)
 .jcr           0x1fff80c8        0x0 c:/program files (x86)/cypress/psoc creator/4.4/psoc creator/import/gnu/arm/5.4.1/bin/../lib/gcc/arm-none-eabi/5.4.1/armv7-m/crtbegin.o
 .jcr           0x1fff80c8        0x4 c:/program files (x86)/cypress/psoc creator/4.4/psoc creator/import/gnu/arm/5.4.1/bin/../lib/gcc/arm-none-eabi/5.4.1/armv7-m/crtend.o
 *(.got.plt)
 *(.got)
 *(.shdata)
 *(.data .data.* .gnu.linkonce.d.*)
 .data          0x1fff80cc        0x4 .\CortexM3\ARM_GCC_541\Debug\Cm3Start.o
 .data          0x1fff80d0       0x10 .\CortexM3\ARM_GCC_541\Debug\Communication Busses.a(CyLib.o)
                0x1fff80d0                cydelay_32k_ms
                0x1fff80d4                cydelay_freq_khz
                0x1fff80d8                cydelay_freq_mhz
                0x1fff80dc                cydelay_freq_hz
 .data.impure_data
                0x1fff80e0       0x60 c:/program files (x86)/cypress/psoc creator/4.4/psoc creator/import/gnu/arm/5.4.1/bin/../lib/gcc/arm-none-eabi/5.4.1/../../../../arm-none-eabi/lib/armv7-m\libg_nano.a(lib_a-impure.o)
 .data._impure_ptr
                0x1fff8140        0x4 c:/program files (x86)/cypress/psoc creator/4.4/psoc creator/import/gnu/arm/5.4.1/bin/../lib/gcc/arm-none-eabi/5.4.1/../../../../arm-none-eabi/lib/armv7-m\libg_nano.a(lib_a-impure.o)
                0x1fff8140                _impure_ptr
 .data.lconv    0x1fff8144       0x38 c:/program files (x86)/cypress/psoc creator/4.4/psoc creator/import/gnu/arm/5.4.1/bin/../lib/gcc/arm-none-eabi/5.4.1/../../../../arm-none-eabi/lib/armv7-m\libg_nano.a(lib_a-locale.o)
                0x1fff8180                . = ALIGN (0x8)
 *fill*         0x1fff817c        0x4 
 *(.ram)
                0x1fff8180                _edata = .

.igot.plt       0x1fff8180        0x0 load address 0x00003338
 .igot.plt      0x1fff8180        0x0 c:/program files (x86)/cypress/psoc creator/4.4/psoc creator/import/gnu/arm/5.4.1/bin/../lib/gcc/arm-none-eabi/5.4.1/armv7-m/crtbegin.o

.bss            0x1fff8180       0x40 load address 0x00003338
                0x1fff8180                PROVIDE (__bss_start__, .)
 *(.shbss)
 *(.bss .bss.* .gnu.linkonce.b.*)
 .bss           0x1fff8180       0x1c c:/program files (x86)/cypress/psoc creator/4.4/psoc creator/import/gnu/arm/5.4.1/bin/../lib/gcc/arm-none-eabi/5.4.1/armv7-m/crtbegin.o
 .bss           0x1fff819c        0x1 .\CortexM3\ARM_GCC_541\Debug\Communication Busses.a(I2C_LM75.o)
                0x1fff819c                I2C_LM75_initVar
 .bss           0x1fff819d        0x2 .\CortexM3\ARM_GCC_541\Debug\Communication Busses.a(UART_TERMINAL.o)
                0x1fff819d                UART_TERMINAL_initVar
 *fill*         0x1fff819f        0x1 
 .bss.__malloc_sbrk_start
                0x1fff81a0        0x4 c:/program files (x86)/cypress/psoc creator/4.4/psoc creator/import/gnu/arm/5.4.1/bin/../lib/gcc/arm-none-eabi/5.4.1/../../../../arm-none-eabi/lib/armv7-m\libg_nano.a(lib_a-nano-mallocr.o)
                0x1fff81a0                __malloc_sbrk_start
 .bss.__malloc_free_list
                0x1fff81a4        0x4 c:/program files (x86)/cypress/psoc creator/4.4/psoc creator/import/gnu/arm/5.4.1/bin/../lib/gcc/arm-none-eabi/5.4.1/../../../../arm-none-eabi/lib/armv7-m\libg_nano.a(lib_a-nano-mallocr.o)
                0x1fff81a4                __malloc_free_list
 *(COMMON)
 COMMON         0x1fff81a8        0x1 .\CortexM3\ARM_GCC_541\Debug\Communication Busses.a(I2C_LM75.o)
                0x1fff81a8                I2C_LM75_state
 *fill*         0x1fff81a9        0x3 
 COMMON         0x1fff81ac       0x10 .\CortexM3\ARM_GCC_541\Debug\Communication Busses.a(I2C_LM75_MASTER.o)
                0x1fff81ac                I2C_LM75_mstrWrBufIndex
                0x1fff81ad                I2C_LM75_mstrControl
                0x1fff81b0                I2C_LM75_mstrWrBufPtr
                0x1fff81b4                I2C_LM75_mstrWrBufSize
                0x1fff81b5                I2C_LM75_mstrRdBufSize
                0x1fff81b6                I2C_LM75_mstrRdBufIndex
                0x1fff81b7                I2C_LM75_mstrStatus
                0x1fff81b8                I2C_LM75_mstrRdBufPtr
 COMMON         0x1fff81bc        0x4 c:/program files (x86)/cypress/psoc creator/4.4/psoc creator/import/gnu/arm/5.4.1/bin/../lib/gcc/arm-none-eabi/5.4.1/../../../../arm-none-eabi/lib/armv7-m\libg_nano.a(lib_a-reent.o)
                0x1fff81bc                errno
                0x1fff81c0                . = ALIGN (0x8)
 *(.ram.b)
                0x1fff81c0                _end = .
                0x1fff81c0                __end = .
                0x1fff81c0                PROVIDE (end, .)
                0x1fff81c0                PROVIDE (__bss_end__, .)
                0x00003280                __cy_region_init_ram = LOADADDR (.data)
                0x000000b8                __cy_region_init_size_ram = (_edata - ADDR (.data))
                0x00000040                __cy_region_zero_size_ram = (_end - _edata)

.heap           0x1fff81c0      0x200 load address 0x00003338
                0x1fff81c0                . = _end
                0x1fff83c0                . = (. + 0x200)
 *fill*         0x1fff81c0      0x200 
                0x1fff83c0                __cy_heap_limit = .

.stack          0x20007800      0x800
                0x20007800                __cy_stack_limit = .
                0x20008000                . = (. + 0x800)
 *fill*         0x20007800      0x800 
                0x00000001                ASSERT ((__cy_stack_limit >= __cy_heap_limit), region RAM overflowed with stack)
                0x00000000                cy_checksum_exclude_size = (CY_APPL_LOADABLE == 0x1)?SIZEOF (.cy_checksum_exclude):0x0
                0x00000001                ASSERT ((cy_checksum_exclude_size <= CY_CHECKSUM_EXCLUDE_SIZE), CY_BOOT: Section .cy_checksum_exclude size exceedes specified limit.)

.cyloadermeta
 *(.cyloadermeta)

.cyloadablemeta
 *(.cyloadablemeta)

.cyconfigecc    0x80000000      0x374
 *(.cyconfigecc)
 .cyconfigecc   0x80000000      0x374 .\CortexM3\ARM_GCC_541\Debug\cymetadata.o
                0x80000000                cy_meta_configecc

.cycustnvl      0x90000000        0x4
 *(.cycustnvl)
 .cycustnvl     0x90000000        0x4 .\CortexM3\ARM_GCC_541\Debug\cymetadata.o
                0x90000000                cy_meta_custnvl

.cywolatch      0x90100000        0x4
 *(.cywolatch)
 .cywolatch     0x90100000        0x4 .\CortexM3\ARM_GCC_541\Debug\cymetadata.o
                0x90100000                cy_meta_wonvl

.cyeeprom       0x90200000        0x0
 *(.cyeeprom)
                0x00000001                ASSERT ((. <= ((0x90200000 + ee_offset) + ee_size)), .cyeeprom data will not fit in EEPROM)

.cyflashprotect
                0x90400000      0x100
 *(.cyflashprotect)
 .cyflashprotect
                0x90400000      0x100 .\CortexM3\ARM_GCC_541\Debug\cymetadata.o
                0x90400000                cy_meta_flashprotect

.cymeta         0x90500000        0xc
 *(.cymeta)
 .cymeta        0x90500000        0xc .\CortexM3\ARM_GCC_541\Debug\cymetadata.o
                0x90500000                cy_metadata

.rel.dyn        0x00003338        0x0 load address 0x9050000c
 .rel.iplt      0x00003338        0x0 c:/program files (x86)/cypress/psoc creator/4.4/psoc creator/import/gnu/arm/5.4.1/bin/../lib/gcc/arm-none-eabi/5.4.1/armv7-m/crtbegin.o

.stab
 *(.stab)

.stabstr
 *(.stabstr)

.debug
 *(.debug)

.line
 *(.line)

.debug_srcinfo
 *(.debug_srcinfo)

.debug_sfnames
 *(.debug_sfnames)

.debug_aranges  0x00000000      0x7b0
 *(.debug_aranges)
 .debug_aranges
                0x00000000       0x28 .\CortexM3\ARM_GCC_541\Debug\main.o
 .debug_aranges
                0x00000028       0x58 .\CortexM3\ARM_GCC_541\Debug\cyfitter_cfg.o
 .debug_aranges
                0x00000080       0x18 .\CortexM3\ARM_GCC_541\Debug\cymetadata.o
 .debug_aranges
                0x00000098       0x48 .\CortexM3\ARM_GCC_541\Debug\Cm3Start.o
 .debug_aranges
                0x000000e0      0x2a0 .\CortexM3\ARM_GCC_541\Debug\Communication Busses.a(CyLib.o)
 .debug_aranges
                0x00000380       0x98 .\CortexM3\ARM_GCC_541\Debug\Communication Busses.a(cyPm.o)
 .debug_aranges
                0x00000418       0x38 .\CortexM3\ARM_GCC_541\Debug\Communication Busses.a(I2C_LM75.o)
 .debug_aranges
                0x00000450       0x20 .\CortexM3\ARM_GCC_541\Debug\Communication Busses.a(I2C_LM75_INT.o)
 .debug_aranges
                0x00000470       0x38 .\CortexM3\ARM_GCC_541\Debug\Communication Busses.a(I2C_LM75_PM.o)
 .debug_aranges
                0x000004a8       0x80 .\CortexM3\ARM_GCC_541\Debug\Communication Busses.a(I2C_LM75_MASTER.o)
 .debug_aranges
                0x00000528       0xf0 .\CortexM3\ARM_GCC_541\Debug\Communication Busses.a(UART_TERMINAL.o)
 .debug_aranges
                0x00000618       0x70 .\CortexM3\ARM_GCC_541\Debug\Communication Busses.a(UART_TERMINAL_IntClock.o)
 .debug_aranges
                0x00000688       0x20 .\CortexM3\ARM_GCC_541\Debug\Communication Busses.a(CyBootAsmGnu.o)
 .debug_aranges
                0x000006a8       0x88 .\CortexM3\ARM_GCC_541\Debug\Communication Busses.a(CyFlash.o)
 .debug_aranges
                0x00000730       0x80 .\CortexM3\ARM_GCC_541\Debug\Communication Busses.a(CySpc.o)

.debug_pubnames
 *(.debug_pubnames)

.debug_info     0x00000000     0x4a0d
 *(.debug_info .gnu.linkonce.wi.*)
 .debug_info    0x00000000      0x2bf .\CortexM3\ARM_GCC_541\Debug\main.o
 .debug_info    0x000002bf      0x583 .\CortexM3\ARM_GCC_541\Debug\cyfitter_cfg.o
 .debug_info    0x00000842      0x135 .\CortexM3\ARM_GCC_541\Debug\cymetadata.o
 .debug_info    0x00000977      0x3bb .\CortexM3\ARM_GCC_541\Debug\Cm3Start.o
 .debug_info    0x00000d32     0x1374 .\CortexM3\ARM_GCC_541\Debug\Communication Busses.a(CyLib.o)
 .debug_info    0x000020a6      0xa2a .\CortexM3\ARM_GCC_541\Debug\Communication Busses.a(cyPm.o)
 .debug_info    0x00002ad0      0x2ad .\CortexM3\ARM_GCC_541\Debug\Communication Busses.a(I2C_LM75.o)
 .debug_info    0x00002d7d      0x184 .\CortexM3\ARM_GCC_541\Debug\Communication Busses.a(I2C_LM75_INT.o)
 .debug_info    0x00002f01      0x207 .\CortexM3\ARM_GCC_541\Debug\Communication Busses.a(I2C_LM75_PM.o)
 .debug_info    0x00003108      0x407 .\CortexM3\ARM_GCC_541\Debug\Communication Busses.a(I2C_LM75_MASTER.o)
 .debug_info    0x0000350f      0x60c .\CortexM3\ARM_GCC_541\Debug\Communication Busses.a(UART_TERMINAL.o)
 .debug_info    0x00003b1b      0x283 .\CortexM3\ARM_GCC_541\Debug\Communication Busses.a(UART_TERMINAL_IntClock.o)
 .debug_info    0x00003d9e       0xd2 .\CortexM3\ARM_GCC_541\Debug\Communication Busses.a(CyBootAsmGnu.o)
 .debug_info    0x00003e70      0x64d .\CortexM3\ARM_GCC_541\Debug\Communication Busses.a(CyFlash.o)
 .debug_info    0x000044bd      0x550 .\CortexM3\ARM_GCC_541\Debug\Communication Busses.a(CySpc.o)

.debug_abbrev   0x00000000     0x1381
 *(.debug_abbrev)
 .debug_abbrev  0x00000000      0x130 .\CortexM3\ARM_GCC_541\Debug\main.o
 .debug_abbrev  0x00000130      0x20d .\CortexM3\ARM_GCC_541\Debug\cyfitter_cfg.o
 .debug_abbrev  0x0000033d       0x66 .\CortexM3\ARM_GCC_541\Debug\cymetadata.o
 .debug_abbrev  0x000003a3      0x1e8 .\CortexM3\ARM_GCC_541\Debug\Cm3Start.o
 .debug_abbrev  0x0000058b      0x254 .\CortexM3\ARM_GCC_541\Debug\Communication Busses.a(CyLib.o)
 .debug_abbrev  0x000007df      0x1ab .\CortexM3\ARM_GCC_541\Debug\Communication Busses.a(cyPm.o)
 .debug_abbrev  0x0000098a      0x10a .\CortexM3\ARM_GCC_541\Debug\Communication Busses.a(I2C_LM75.o)
 .debug_abbrev  0x00000a94       0xb6 .\CortexM3\ARM_GCC_541\Debug\Communication Busses.a(I2C_LM75_INT.o)
 .debug_abbrev  0x00000b4a       0xfe .\CortexM3\ARM_GCC_541\Debug\Communication Busses.a(I2C_LM75_PM.o)
 .debug_abbrev  0x00000c48      0x13c .\CortexM3\ARM_GCC_541\Debug\Communication Busses.a(I2C_LM75_MASTER.o)
 .debug_abbrev  0x00000d84      0x175 .\CortexM3\ARM_GCC_541\Debug\Communication Busses.a(UART_TERMINAL.o)
 .debug_abbrev  0x00000ef9      0x139 .\CortexM3\ARM_GCC_541\Debug\Communication Busses.a(UART_TERMINAL_IntClock.o)
 .debug_abbrev  0x00001032       0x14 .\CortexM3\ARM_GCC_541\Debug\Communication Busses.a(CyBootAsmGnu.o)
 .debug_abbrev  0x00001046      0x1a7 .\CortexM3\ARM_GCC_541\Debug\Communication Busses.a(CyFlash.o)
 .debug_abbrev  0x000011ed      0x194 .\CortexM3\ARM_GCC_541\Debug\Communication Busses.a(CySpc.o)

.debug_line     0x00000000     0x209b
 *(.debug_line)
 .debug_line    0x00000000      0x1b2 .\CortexM3\ARM_GCC_541\Debug\main.o
 .debug_line    0x000001b2      0x1f2 .\CortexM3\ARM_GCC_541\Debug\cyfitter_cfg.o
 .debug_line    0x000003a4      0x141 .\CortexM3\ARM_GCC_541\Debug\cymetadata.o
 .debug_line    0x000004e5      0x234 .\CortexM3\ARM_GCC_541\Debug\Cm3Start.o
 .debug_line    0x00000719      0x816 .\CortexM3\ARM_GCC_541\Debug\Communication Busses.a(CyLib.o)
 .debug_line    0x00000f2f      0x367 .\CortexM3\ARM_GCC_541\Debug\Communication Busses.a(cyPm.o)
 .debug_line    0x00001296       0xe8 .\CortexM3\ARM_GCC_541\Debug\Communication Busses.a(I2C_LM75.o)
 .debug_line    0x0000137e      0x11e .\CortexM3\ARM_GCC_541\Debug\Communication Busses.a(I2C_LM75_INT.o)
 .debug_line    0x0000149c       0xc5 .\CortexM3\ARM_GCC_541\Debug\Communication Busses.a(I2C_LM75_PM.o)
 .debug_line    0x00001561      0x207 .\CortexM3\ARM_GCC_541\Debug\Communication Busses.a(I2C_LM75_MASTER.o)
 .debug_line    0x00001768      0x2ce .\CortexM3\ARM_GCC_541\Debug\Communication Busses.a(UART_TERMINAL.o)
 .debug_line    0x00001a36      0x185 .\CortexM3\ARM_GCC_541\Debug\Communication Busses.a(UART_TERMINAL_IntClock.o)
 .debug_line    0x00001bbb       0x66 .\CortexM3\ARM_GCC_541\Debug\Communication Busses.a(CyBootAsmGnu.o)
 .debug_line    0x00001c21      0x21a .\CortexM3\ARM_GCC_541\Debug\Communication Busses.a(CyFlash.o)
 .debug_line    0x00001e3b      0x260 .\CortexM3\ARM_GCC_541\Debug\Communication Busses.a(CySpc.o)

.debug_frame    0x00000000     0x1a70
 *(.debug_frame)
 .debug_frame   0x00000000       0x50 .\CortexM3\ARM_GCC_541\Debug\main.o
 .debug_frame   0x00000050       0xe4 .\CortexM3\ARM_GCC_541\Debug\cyfitter_cfg.o
 .debug_frame   0x00000134       0xb8 .\CortexM3\ARM_GCC_541\Debug\Cm3Start.o
 .debug_frame   0x000001ec      0x738 .\CortexM3\ARM_GCC_541\Debug\Communication Busses.a(CyLib.o)
 .debug_frame   0x00000924      0x1f8 .\CortexM3\ARM_GCC_541\Debug\Communication Busses.a(cyPm.o)
 .debug_frame   0x00000b1c       0x94 .\CortexM3\ARM_GCC_541\Debug\Communication Busses.a(I2C_LM75.o)
 .debug_frame   0x00000bb0       0x30 .\CortexM3\ARM_GCC_541\Debug\Communication Busses.a(I2C_LM75_INT.o)
 .debug_frame   0x00000be0       0x74 .\CortexM3\ARM_GCC_541\Debug\Communication Busses.a(I2C_LM75_PM.o)
 .debug_frame   0x00000c54      0x138 .\CortexM3\ARM_GCC_541\Debug\Communication Busses.a(I2C_LM75_MASTER.o)
 .debug_frame   0x00000d8c      0x250 .\CortexM3\ARM_GCC_541\Debug\Communication Busses.a(UART_TERMINAL.o)
 .debug_frame   0x00000fdc       0xe0 .\CortexM3\ARM_GCC_541\Debug\Communication Busses.a(UART_TERMINAL_IntClock.o)
 .debug_frame   0x000010bc      0x194 .\CortexM3\ARM_GCC_541\Debug\Communication Busses.a(CyFlash.o)
 .debug_frame   0x00001250      0x180 .\CortexM3\ARM_GCC_541\Debug\Communication Busses.a(CySpc.o)
 .debug_frame   0x000013d0       0x20 c:/program files (x86)/cypress/psoc creator/4.4/psoc creator/import/gnu/arm/5.4.1/bin/../lib/gcc/arm-none-eabi/5.4.1/../../../../arm-none-eabi/lib/armv7-m\libg_nano.a(lib_a-errno.o)
 .debug_frame   0x000013f0       0x28 c:/program files (x86)/cypress/psoc creator/4.4/psoc creator/import/gnu/arm/5.4.1/bin/../lib/gcc/arm-none-eabi/5.4.1/../../../../arm-none-eabi/lib/armv7-m\libg_nano.a(lib_a-exit.o)
 .debug_frame   0x00001418       0x2c c:/program files (x86)/cypress/psoc creator/4.4/psoc creator/import/gnu/arm/5.4.1/bin/../lib/gcc/arm-none-eabi/5.4.1/../../../../arm-none-eabi/lib/armv7-m\libg_nano.a(lib_a-init.o)
 .debug_frame   0x00001444       0x28 c:/program files (x86)/cypress/psoc creator/4.4/psoc creator/import/gnu/arm/5.4.1/bin/../lib/gcc/arm-none-eabi/5.4.1/../../../../arm-none-eabi/lib/armv7-m\libg_nano.a(lib_a-memcpy-stub.o)
 .debug_frame   0x0000146c       0x20 c:/program files (x86)/cypress/psoc creator/4.4/psoc creator/import/gnu/arm/5.4.1/bin/../lib/gcc/arm-none-eabi/5.4.1/../../../../arm-none-eabi/lib/armv7-m\libg_nano.a(lib_a-memset.o)
 .debug_frame   0x0000148c       0x8c c:/program files (x86)/cypress/psoc creator/4.4/psoc creator/import/gnu/arm/5.4.1/bin/../lib/gcc/arm-none-eabi/5.4.1/../../../../arm-none-eabi/lib/armv7-m\libg_nano.a(lib_a-nano-vfprintf_float.o)
 .debug_frame   0x00001518       0x60 c:/program files (x86)/cypress/psoc creator/4.4/psoc creator/import/gnu/arm/5.4.1/bin/../lib/gcc/arm-none-eabi/5.4.1/../../../../arm-none-eabi/lib/armv7-m\libg_nano.a(lib_a-nano-vfprintf_i.o)
 .debug_frame   0x00001578       0x6c c:/program files (x86)/cypress/psoc creator/4.4/psoc creator/import/gnu/arm/5.4.1/bin/../lib/gcc/arm-none-eabi/5.4.1/../../../../arm-none-eabi/lib/armv7-m\libg_nano.a(lib_a-dtoa.o)
 .debug_frame   0x000015e4       0x98 c:/program files (x86)/cypress/psoc creator/4.4/psoc creator/import/gnu/arm/5.4.1/bin/../lib/gcc/arm-none-eabi/5.4.1/../../../../arm-none-eabi/lib/armv7-m\libg_nano.a(lib_a-locale.o)
 .debug_frame   0x0000167c       0x30 c:/program files (x86)/cypress/psoc creator/4.4/psoc creator/import/gnu/arm/5.4.1/bin/../lib/gcc/arm-none-eabi/5.4.1/../../../../arm-none-eabi/lib/armv7-m\libg_nano.a(lib_a-malloc.o)
 .debug_frame   0x000016ac       0x28 c:/program files (x86)/cypress/psoc creator/4.4/psoc creator/import/gnu/arm/5.4.1/bin/../lib/gcc/arm-none-eabi/5.4.1/../../../../arm-none-eabi/lib/armv7-m\libg_nano.a(lib_a-memchr-stub.o)
 .debug_frame   0x000016d4      0x234 c:/program files (x86)/cypress/psoc creator/4.4/psoc creator/import/gnu/arm/5.4.1/bin/../lib/gcc/arm-none-eabi/5.4.1/../../../../arm-none-eabi/lib/armv7-m\libg_nano.a(lib_a-mprec.o)
 .debug_frame   0x00001908       0x2c c:/program files (x86)/cypress/psoc creator/4.4/psoc creator/import/gnu/arm/5.4.1/bin/../lib/gcc/arm-none-eabi/5.4.1/../../../../arm-none-eabi/lib/armv7-m\libg_nano.a(lib_a-nano-callocr.o)
 .debug_frame   0x00001934       0x38 c:/program files (x86)/cypress/psoc creator/4.4/psoc creator/import/gnu/arm/5.4.1/bin/../lib/gcc/arm-none-eabi/5.4.1/../../../../arm-none-eabi/lib/armv7-m\libg_nano.a(lib_a-nano-freer.o)
 .debug_frame   0x0000196c       0x2c c:/program files (x86)/cypress/psoc creator/4.4/psoc creator/import/gnu/arm/5.4.1/bin/../lib/gcc/arm-none-eabi/5.4.1/../../../../arm-none-eabi/lib/armv7-m\libg_nano.a(lib_a-nano-mallocr.o)
 .debug_frame   0x00001998       0x2c c:/program files (x86)/cypress/psoc creator/4.4/psoc creator/import/gnu/arm/5.4.1/bin/../lib/gcc/arm-none-eabi/5.4.1/../../../../arm-none-eabi/lib/armv7-m\libg_nano.a(lib_a-sbrkr.o)
 .debug_frame   0x000019c4       0x20 c:/program files (x86)/cypress/psoc creator/4.4/psoc creator/import/gnu/arm/5.4.1/bin/../lib/gcc/arm-none-eabi/5.4.1/../../../../arm-none-eabi/lib/armv7-m\libg_nano.a(lib_a-strcmp.o)
 .debug_frame   0x000019e4       0x30 c:/program files (x86)/cypress/psoc creator/4.4/psoc creator/import/gnu/arm/5.4.1/bin/../lib/gcc/arm-none-eabi/5.4.1/../../../../arm-none-eabi/lib/armv7-m\libg_nano.a(lib_a-mlock.o)
 .debug_frame   0x00001a14       0x5c c:/program files (x86)/cypress/psoc creator/4.4/psoc creator/import/gnu/arm/5.4.1/bin/../lib/gcc/arm-none-eabi/5.4.1/../../../../arm-none-eabi/lib/armv7-m\libg_nano.a(lib_a-reent.o)

.debug_str      0x00000000     0x1d79
 *(.debug_str)
 .debug_str     0x00000000      0x273 .\CortexM3\ARM_GCC_541\Debug\main.o
                                0x2ca (size before relaxing)
 .debug_str     0x00000273      0x1bc .\CortexM3\ARM_GCC_541\Debug\cyfitter_cfg.o
                                0x36d (size before relaxing)
 .debug_str     0x0000042f       0x75 .\CortexM3\ARM_GCC_541\Debug\cymetadata.o
                                0x20d (size before relaxing)
 .debug_str     0x000004a4      0x1c8 .\CortexM3\ARM_GCC_541\Debug\Cm3Start.o
                                0x34c (size before relaxing)
 .debug_str     0x0000066c      0x846 .\CortexM3\ARM_GCC_541\Debug\Communication Busses.a(CyLib.o)
                                0xa89 (size before relaxing)
 .debug_str     0x00000eb2      0x365 .\CortexM3\ARM_GCC_541\Debug\Communication Busses.a(cyPm.o)
                                0x775 (size before relaxing)
 .debug_str     0x00001217      0x110 .\CortexM3\ARM_GCC_541\Debug\Communication Busses.a(I2C_LM75.o)
                                0x35f (size before relaxing)
 .debug_str     0x00001327       0xa9 .\CortexM3\ARM_GCC_541\Debug\Communication Busses.a(I2C_LM75_INT.o)
                                0x2d8 (size before relaxing)
 .debug_str     0x000013d0       0x6f .\CortexM3\ARM_GCC_541\Debug\Communication Busses.a(I2C_LM75_PM.o)
                                0x2ec (size before relaxing)
 .debug_str     0x0000143f      0x16d .\CortexM3\ARM_GCC_541\Debug\Communication Busses.a(I2C_LM75_MASTER.o)
                                0x459 (size before relaxing)
 .debug_str     0x000015ac      0x390 .\CortexM3\ARM_GCC_541\Debug\Communication Busses.a(UART_TERMINAL.o)
                                0x5b5 (size before relaxing)
 .debug_str     0x0000193c      0x1dd .\CortexM3\ARM_GCC_541\Debug\Communication Busses.a(UART_TERMINAL_IntClock.o)
                                0x3e4 (size before relaxing)
 .debug_str     0x00001b19      0x1b4 .\CortexM3\ARM_GCC_541\Debug\Communication Busses.a(CyFlash.o)
                                0x402 (size before relaxing)
 .debug_str     0x00001ccd       0xac .\CortexM3\ARM_GCC_541\Debug\Communication Busses.a(CySpc.o)
                                0x37a (size before relaxing)

.debug_loc      0x00000000     0x24c6
 *(.debug_loc)
 .debug_loc     0x00000000      0x125 .\CortexM3\ARM_GCC_541\Debug\main.o
 .debug_loc     0x00000125      0x289 .\CortexM3\ARM_GCC_541\Debug\cyfitter_cfg.o
 .debug_loc     0x000003ae      0x144 .\CortexM3\ARM_GCC_541\Debug\Cm3Start.o
 .debug_loc     0x000004f2      0xa11 .\CortexM3\ARM_GCC_541\Debug\Communication Busses.a(CyLib.o)
 .debug_loc     0x00000f03      0x1e4 .\CortexM3\ARM_GCC_541\Debug\Communication Busses.a(cyPm.o)
 .debug_loc     0x000010e7       0x39 .\CortexM3\ARM_GCC_541\Debug\Communication Busses.a(I2C_LM75.o)
 .debug_loc     0x00001120       0x29 .\CortexM3\ARM_GCC_541\Debug\Communication Busses.a(I2C_LM75_INT.o)
 .debug_loc     0x00001149       0x13 .\CortexM3\ARM_GCC_541\Debug\Communication Busses.a(I2C_LM75_PM.o)
 .debug_loc     0x0000115c      0x52f .\CortexM3\ARM_GCC_541\Debug\Communication Busses.a(I2C_LM75_MASTER.o)
 .debug_loc     0x0000168b      0x258 .\CortexM3\ARM_GCC_541\Debug\Communication Busses.a(UART_TERMINAL.o)
 .debug_loc     0x000018e3      0x12c .\CortexM3\ARM_GCC_541\Debug\Communication Busses.a(UART_TERMINAL_IntClock.o)
 .debug_loc     0x00001a0f      0x3b2 .\CortexM3\ARM_GCC_541\Debug\Communication Busses.a(CyFlash.o)
 .debug_loc     0x00001dc1      0x705 .\CortexM3\ARM_GCC_541\Debug\Communication Busses.a(CySpc.o)

.debug_macinfo
 *(.debug_macinfo)

.debug_ranges   0x00000000      0x6a8
 *(.debug_ranges)
 .debug_ranges  0x00000000       0x18 .\CortexM3\ARM_GCC_541\Debug\main.o
 .debug_ranges  0x00000018       0x48 .\CortexM3\ARM_GCC_541\Debug\cyfitter_cfg.o
 .debug_ranges  0x00000060       0x38 .\CortexM3\ARM_GCC_541\Debug\Cm3Start.o
 .debug_ranges  0x00000098      0x290 .\CortexM3\ARM_GCC_541\Debug\Communication Busses.a(CyLib.o)
 .debug_ranges  0x00000328       0x88 .\CortexM3\ARM_GCC_541\Debug\Communication Busses.a(cyPm.o)
 .debug_ranges  0x000003b0       0x28 .\CortexM3\ARM_GCC_541\Debug\Communication Busses.a(I2C_LM75.o)
 .debug_ranges  0x000003d8       0x10 .\CortexM3\ARM_GCC_541\Debug\Communication Busses.a(I2C_LM75_INT.o)
 .debug_ranges  0x000003e8       0x28 .\CortexM3\ARM_GCC_541\Debug\Communication Busses.a(I2C_LM75_PM.o)
 .debug_ranges  0x00000410       0x70 .\CortexM3\ARM_GCC_541\Debug\Communication Busses.a(I2C_LM75_MASTER.o)
 .debug_ranges  0x00000480       0xe0 .\CortexM3\ARM_GCC_541\Debug\Communication Busses.a(UART_TERMINAL.o)
 .debug_ranges  0x00000560       0x60 .\CortexM3\ARM_GCC_541\Debug\Communication Busses.a(UART_TERMINAL_IntClock.o)
 .debug_ranges  0x000005c0       0x78 .\CortexM3\ARM_GCC_541\Debug\Communication Busses.a(CyFlash.o)
 .debug_ranges  0x00000638       0x70 .\CortexM3\ARM_GCC_541\Debug\Communication Busses.a(CySpc.o)

.comment        0x00000000       0x6e
 .comment       0x00000000       0x6e .\CortexM3\ARM_GCC_541\Debug\main.o
                                 0x6f (size before relaxing)
 .comment       0x0000006e       0x6f .\CortexM3\ARM_GCC_541\Debug\cyfitter_cfg.o
 .comment       0x0000006e       0x6f .\CortexM3\ARM_GCC_541\Debug\cymetadata.o
 .comment       0x0000006e       0x6f .\CortexM3\ARM_GCC_541\Debug\Cm3Start.o
 .comment       0x0000006e       0x6f .\CortexM3\ARM_GCC_541\Debug\Communication Busses.a(CyLib.o)
 .comment       0x0000006e       0x6f .\CortexM3\ARM_GCC_541\Debug\Communication Busses.a(cyPm.o)
 .comment       0x0000006e       0x6f .\CortexM3\ARM_GCC_541\Debug\Communication Busses.a(I2C_LM75.o)
 .comment       0x0000006e       0x6f .\CortexM3\ARM_GCC_541\Debug\Communication Busses.a(I2C_LM75_INT.o)
 .comment       0x0000006e       0x6f .\CortexM3\ARM_GCC_541\Debug\Communication Busses.a(I2C_LM75_PM.o)
 .comment       0x0000006e       0x6f .\CortexM3\ARM_GCC_541\Debug\Communication Busses.a(I2C_LM75_MASTER.o)
 .comment       0x0000006e       0x6f .\CortexM3\ARM_GCC_541\Debug\Communication Busses.a(UART_TERMINAL.o)
 .comment       0x0000006e       0x6f .\CortexM3\ARM_GCC_541\Debug\Communication Busses.a(UART_TERMINAL_IntClock.o)
 .comment       0x0000006e       0x6f .\CortexM3\ARM_GCC_541\Debug\Communication Busses.a(CyFlash.o)
 .comment       0x0000006e       0x6f .\CortexM3\ARM_GCC_541\Debug\Communication Busses.a(CySpc.o)

.debug_weaknames
 *(.debug_weaknames)

.debug_funcnames
 *(.debug_funcnames)

.debug_typenames
 *(.debug_typenames)

.debug_varnames
 *(.debug_varnames)

.note.gnu.arm.ident
 *(.note.gnu.arm.ident)

.ARM.attributes
                0x00000000       0x29
 *(.ARM.attributes)
 .ARM.attributes
                0x00000000       0x1d c:/program files (x86)/cypress/psoc creator/4.4/psoc creator/import/gnu/arm/5.4.1/bin/../lib/gcc/arm-none-eabi/5.4.1/armv7-m/crti.o
 .ARM.attributes
                0x0000001d       0x2d c:/program files (x86)/cypress/psoc creator/4.4/psoc creator/import/gnu/arm/5.4.1/bin/../lib/gcc/arm-none-eabi/5.4.1/armv7-m/crtbegin.o
 .ARM.attributes
                0x0000004a       0x1b c:/program files (x86)/cypress/psoc creator/4.4/psoc creator/import/gnu/arm/5.4.1/bin/../lib/gcc/arm-none-eabi/5.4.1/../../../../arm-none-eabi/lib/armv7-m/crt0.o
 .ARM.attributes
                0x00000065       0x33 .\CortexM3\ARM_GCC_541\Debug\main.o
 .ARM.attributes
                0x00000098       0x33 .\CortexM3\ARM_GCC_541\Debug\cyfitter_cfg.o
 .ARM.attributes
                0x000000cb       0x33 .\CortexM3\ARM_GCC_541\Debug\cymetadata.o
 .ARM.attributes
                0x000000fe       0x33 .\CortexM3\ARM_GCC_541\Debug\Cm3Start.o
 .ARM.attributes
                0x00000131       0x33 .\CortexM3\ARM_GCC_541\Debug\Communication Busses.a(CyLib.o)
 .ARM.attributes
                0x00000164       0x33 .\CortexM3\ARM_GCC_541\Debug\Communication Busses.a(cyPm.o)
 .ARM.attributes
                0x00000197       0x33 .\CortexM3\ARM_GCC_541\Debug\Communication Busses.a(I2C_LM75.o)
 .ARM.attributes
                0x000001ca       0x33 .\CortexM3\ARM_GCC_541\Debug\Communication Busses.a(I2C_LM75_INT.o)
 .ARM.attributes
                0x000001fd       0x33 .\CortexM3\ARM_GCC_541\Debug\Communication Busses.a(I2C_LM75_PM.o)
 .ARM.attributes
                0x00000230       0x33 .\CortexM3\ARM_GCC_541\Debug\Communication Busses.a(I2C_LM75_MASTER.o)
 .ARM.attributes
                0x00000263       0x33 .\CortexM3\ARM_GCC_541\Debug\Communication Busses.a(UART_TERMINAL.o)
 .ARM.attributes
                0x00000296       0x33 .\CortexM3\ARM_GCC_541\Debug\Communication Busses.a(UART_TERMINAL_IntClock.o)
 .ARM.attributes
                0x000002c9       0x21 .\CortexM3\ARM_GCC_541\Debug\Communication Busses.a(CyBootAsmGnu.o)
 .ARM.attributes
                0x000002ea       0x33 .\CortexM3\ARM_GCC_541\Debug\Communication Busses.a(CyFlash.o)
 .ARM.attributes
                0x0000031d       0x33 .\CortexM3\ARM_GCC_541\Debug\Communication Busses.a(CySpc.o)
 .ARM.attributes
                0x00000350       0x1d c:/program files (x86)/cypress/psoc creator/4.4/psoc creator/import/gnu/arm/5.4.1/bin/../lib/gcc/arm-none-eabi/5.4.1/armv7-m\libgcc.a(_arm_addsubsf3.o)
 .ARM.attributes
                0x0000036d       0x1d c:/program files (x86)/cypress/psoc creator/4.4/psoc creator/import/gnu/arm/5.4.1/bin/../lib/gcc/arm-none-eabi/5.4.1/armv7-m\libgcc.a(_arm_cmpsf2.o)
 .ARM.attributes
                0x0000038a       0x1d c:/program files (x86)/cypress/psoc creator/4.4/psoc creator/import/gnu/arm/5.4.1/bin/../lib/gcc/arm-none-eabi/5.4.1/armv7-m\libgcc.a(_arm_fixunssfsi.o)
 .ARM.attributes
                0x000003a7       0x2d c:/program files (x86)/cypress/psoc creator/4.4/psoc creator/import/gnu/arm/5.4.1/bin/../lib/gcc/arm-none-eabi/5.4.1/../../../../arm-none-eabi/lib/armv7-m\libg_nano.a(lib_a-errno.o)
 .ARM.attributes
                0x000003d4       0x2d c:/program files (x86)/cypress/psoc creator/4.4/psoc creator/import/gnu/arm/5.4.1/bin/../lib/gcc/arm-none-eabi/5.4.1/../../../../arm-none-eabi/lib/armv7-m\libg_nano.a(lib_a-exit.o)
 .ARM.attributes
                0x00000401       0x2d c:/program files (x86)/cypress/psoc creator/4.4/psoc creator/import/gnu/arm/5.4.1/bin/../lib/gcc/arm-none-eabi/5.4.1/../../../../arm-none-eabi/lib/armv7-m\libg_nano.a(lib_a-impure.o)
 .ARM.attributes
                0x0000042e       0x2d c:/program files (x86)/cypress/psoc creator/4.4/psoc creator/import/gnu/arm/5.4.1/bin/../lib/gcc/arm-none-eabi/5.4.1/../../../../arm-none-eabi/lib/armv7-m\libg_nano.a(lib_a-init.o)
 .ARM.attributes
                0x0000045b       0x2d c:/program files (x86)/cypress/psoc creator/4.4/psoc creator/import/gnu/arm/5.4.1/bin/../lib/gcc/arm-none-eabi/5.4.1/../../../../arm-none-eabi/lib/armv7-m\libg_nano.a(lib_a-memcpy-stub.o)
 .ARM.attributes
                0x00000488       0x2d c:/program files (x86)/cypress/psoc creator/4.4/psoc creator/import/gnu/arm/5.4.1/bin/../lib/gcc/arm-none-eabi/5.4.1/../../../../arm-none-eabi/lib/armv7-m\libg_nano.a(lib_a-memset.o)
 .ARM.attributes
                0x000004b5       0x2d c:/program files (x86)/cypress/psoc creator/4.4/psoc creator/import/gnu/arm/5.4.1/bin/../lib/gcc/arm-none-eabi/5.4.1/../../../../arm-none-eabi/lib/armv7-m\libg_nano.a(lib_a-nano-vfprintf_float.o)
 .ARM.attributes
                0x000004e2       0x2d c:/program files (x86)/cypress/psoc creator/4.4/psoc creator/import/gnu/arm/5.4.1/bin/../lib/gcc/arm-none-eabi/5.4.1/../../../../arm-none-eabi/lib/armv7-m\libg_nano.a(lib_a-nano-vfprintf_i.o)
 .ARM.attributes
                0x0000050f       0x17 c:/program files (x86)/cypress/psoc creator/4.4/psoc creator/import/gnu/arm/5.4.1/bin/../lib/gcc/arm-none-eabi/5.4.1/../../../../arm-none-eabi/lib/armv7-m\libg_nano.a(lib_a-strlen.o)
 .ARM.attributes
                0x00000526       0x2d c:/program files (x86)/cypress/psoc creator/4.4/psoc creator/import/gnu/arm/5.4.1/bin/../lib/gcc/arm-none-eabi/5.4.1/../../../../arm-none-eabi/lib/armv7-m\libg_nano.a(lib_a-dtoa.o)
 .ARM.attributes
                0x00000553       0x2d c:/program files (x86)/cypress/psoc creator/4.4/psoc creator/import/gnu/arm/5.4.1/bin/../lib/gcc/arm-none-eabi/5.4.1/../../../../arm-none-eabi/lib/armv7-m\libg_nano.a(lib_a-locale.o)
 .ARM.attributes
                0x00000580       0x2d c:/program files (x86)/cypress/psoc creator/4.4/psoc creator/import/gnu/arm/5.4.1/bin/../lib/gcc/arm-none-eabi/5.4.1/../../../../arm-none-eabi/lib/armv7-m\libg_nano.a(lib_a-malloc.o)
 .ARM.attributes
                0x000005ad       0x2d c:/program files (x86)/cypress/psoc creator/4.4/psoc creator/import/gnu/arm/5.4.1/bin/../lib/gcc/arm-none-eabi/5.4.1/../../../../arm-none-eabi/lib/armv7-m\libg_nano.a(lib_a-memchr-stub.o)
 .ARM.attributes
                0x000005da       0x2d c:/program files (x86)/cypress/psoc creator/4.4/psoc creator/import/gnu/arm/5.4.1/bin/../lib/gcc/arm-none-eabi/5.4.1/../../../../arm-none-eabi/lib/armv7-m\libg_nano.a(lib_a-mprec.o)
 .ARM.attributes
                0x00000607       0x2d c:/program files (x86)/cypress/psoc creator/4.4/psoc creator/import/gnu/arm/5.4.1/bin/../lib/gcc/arm-none-eabi/5.4.1/../../../../arm-none-eabi/lib/armv7-m\libg_nano.a(lib_a-nano-callocr.o)
 .ARM.attributes
                0x00000634       0x2d c:/program files (x86)/cypress/psoc creator/4.4/psoc creator/import/gnu/arm/5.4.1/bin/../lib/gcc/arm-none-eabi/5.4.1/../../../../arm-none-eabi/lib/armv7-m\libg_nano.a(lib_a-nano-freer.o)
 .ARM.attributes
                0x00000661       0x2d c:/program files (x86)/cypress/psoc creator/4.4/psoc creator/import/gnu/arm/5.4.1/bin/../lib/gcc/arm-none-eabi/5.4.1/../../../../arm-none-eabi/lib/armv7-m\libg_nano.a(lib_a-nano-mallocr.o)
 .ARM.attributes
                0x0000068e       0x2d c:/program files (x86)/cypress/psoc creator/4.4/psoc creator/import/gnu/arm/5.4.1/bin/../lib/gcc/arm-none-eabi/5.4.1/../../../../arm-none-eabi/lib/armv7-m\libg_nano.a(lib_a-sbrkr.o)
 .ARM.attributes
                0x000006bb       0x1b c:/program files (x86)/cypress/psoc creator/4.4/psoc creator/import/gnu/arm/5.4.1/bin/../lib/gcc/arm-none-eabi/5.4.1/../../../../arm-none-eabi/lib/armv7-m\libg_nano.a(lib_a-strcmp.o)
 .ARM.attributes
                0x000006d6       0x2d c:/program files (x86)/cypress/psoc creator/4.4/psoc creator/import/gnu/arm/5.4.1/bin/../lib/gcc/arm-none-eabi/5.4.1/../../../../arm-none-eabi/lib/armv7-m\libg_nano.a(lib_a-mlock.o)
 .ARM.attributes
                0x00000703       0x2d c:/program files (x86)/cypress/psoc creator/4.4/psoc creator/import/gnu/arm/5.4.1/bin/../lib/gcc/arm-none-eabi/5.4.1/../../../../arm-none-eabi/lib/armv7-m\libg_nano.a(lib_a-reent.o)
 .ARM.attributes
                0x00000730       0x1d c:/program files (x86)/cypress/psoc creator/4.4/psoc creator/import/gnu/arm/5.4.1/bin/../lib/gcc/arm-none-eabi/5.4.1/armv7-m\libgcc.a(_arm_addsubdf3.o)
 .ARM.attributes
                0x0000074d       0x1d c:/program files (x86)/cypress/psoc creator/4.4/psoc creator/import/gnu/arm/5.4.1/bin/../lib/gcc/arm-none-eabi/5.4.1/armv7-m\libgcc.a(_arm_muldivdf3.o)
 .ARM.attributes
                0x0000076a       0x1d c:/program files (x86)/cypress/psoc creator/4.4/psoc creator/import/gnu/arm/5.4.1/bin/../lib/gcc/arm-none-eabi/5.4.1/armv7-m\libgcc.a(_arm_cmpdf2.o)
 .ARM.attributes
                0x00000787       0x1d c:/program files (x86)/cypress/psoc creator/4.4/psoc creator/import/gnu/arm/5.4.1/bin/../lib/gcc/arm-none-eabi/5.4.1/armv7-m\libgcc.a(_arm_unorddf2.o)
 .ARM.attributes
                0x000007a4       0x1d c:/program files (x86)/cypress/psoc creator/4.4/psoc creator/import/gnu/arm/5.4.1/bin/../lib/gcc/arm-none-eabi/5.4.1/armv7-m\libgcc.a(_arm_fixdfsi.o)
 .ARM.attributes
                0x000007c1       0x2d c:/program files (x86)/cypress/psoc creator/4.4/psoc creator/import/gnu/arm/5.4.1/bin/../lib/gcc/arm-none-eabi/5.4.1/armv7-m/crtend.o
 .ARM.attributes
                0x000007ee       0x1d c:/program files (x86)/cypress/psoc creator/4.4/psoc creator/import/gnu/arm/5.4.1/bin/../lib/gcc/arm-none-eabi/5.4.1/armv7-m/crtn.o

/DISCARD/
 *(.note.GNU-stack)
OUTPUT(C:\Users\hresk\OneDrive\Dokumenter\GitHub\SemesterProjekt2\Arduino\Arduino Temp\Communication Busses.cydsn\CortexM3\ARM_GCC_541\Debug\Communication Busses.elf elf32-littlearm)
